################################################################################
#                                                                              #
#      IAR Universal Linker V4.59W/386                                         #
#                                                                              #
#           Link time     =  13/Jan/2016  00:20:34                             #
#           Target CPU    =  ARM                                               #
#           List file     =  H:\ÊµÑéÊÒ¹¤×÷2015-8-20\2014-10-1ÊµÑéÊÒ\2015-6-27Ë #
#                            øÎ²\Ð¡Ö±Éý»ú´úÂë²âÊÔ1-9\Ð¡Ö±Éý»ú´úÂë²âÊÔ\Â·¾¶¹æ»® #
#                            +LQR_2014_7_31\AT91SAM7SE-USART_USB\Compil\FLASH_ #
#                            Debug\List\BasicUSART_USB.map                     #
#           Output file 1 =  H:\ÊµÑéÊÒ¹¤×÷2015-8-20\2014-10-1ÊµÑéÊÒ\2015-6-27Ë #
#                            øÎ²\Ð¡Ö±Éý»ú´úÂë²âÊÔ1-9\Ð¡Ö±Éý»ú´úÂë²âÊÔ\Â·¾¶¹æ»® #
#                            +LQR_2014_7_31\AT91SAM7SE-USART_USB\Compil\FLASH_ #
#                            Debug\Exe\BasicUSART_USB.d79                      #
#                            Format: debug                                     #
#                            UBROF version 10.0.2                              #
#                            Using library modules for C-SPY (-rt)             #
#           Output file 2 =  H:\ÊµÑéÊÒ¹¤×÷2015-8-20\2014-10-1ÊµÑéÊÒ\2015-6-27Ë #
#                            øÎ²\Ð¡Ö±Éý»ú´úÂë²âÊÔ1-9\Ð¡Ö±Éý»ú´úÂë²âÊÔ\Â·¾¶¹æ»® #
#                            +LQR_2014_7_31\AT91SAM7SE-USART_USB\Compil\FLASH_ #
#                            Debug\Exe\BasicUSART_USB.sim                      #
#                            Format: simple-code                               #
#           Command line  =  H:\ÊµÑéÊÒ¹¤×÷2015-8-20\2014-10-1ÊµÑéÊÒ\2015-6-27Ë #
#                            øÎ²\Ð¡Ö±Éý»ú´úÂë²âÊÔ1-9\Ð¡Ö±Éý»ú´úÂë²âÊÔ\Â·¾¶¹æ»® #
#                            +LQR_2014_7_31\AT91SAM7SE-USART_USB\Compil\FLASH_ #
#                            Debug\Obj\Cstartup.r79                            #
#                            H:\ÊµÑéÊÒ¹¤×÷2015-8-20\2014-10-1ÊµÑéÊÒ\2015-6-27Ë #
#                            øÎ²\Ð¡Ö±Éý»ú´úÂë²âÊÔ1-9\Ð¡Ö±Éý»ú´úÂë²âÊÔ\Â·¾¶¹æ»® #
#                            +LQR_2014_7_31\AT91SAM7SE-USART_USB\Compil\FLASH_ #
#                            Debug\Obj\Cstartup_SAM7.r79                       #
#                            H:\ÊµÑéÊÒ¹¤×÷2015-8-20\2014-10-1ÊµÑéÊÒ\2015-6-27Ë #
#                            øÎ²\Ð¡Ö±Éý»ú´úÂë²âÊÔ1-9\Ð¡Ö±Éý»ú´úÂë²âÊÔ\Â·¾¶¹æ»® #
#                            +LQR_2014_7_31\AT91SAM7SE-USART_USB\Compil\FLASH_ #
#                            Debug\Obj\Filter.r79                              #
#                            H:\ÊµÑéÊÒ¹¤×÷2015-8-20\2014-10-1ÊµÑéÊÒ\2015-6-27Ë #
#                            øÎ²\Ð¡Ö±Éý»ú´úÂë²âÊÔ1-9\Ð¡Ö±Éý»ú´úÂë²âÊÔ\Â·¾¶¹æ»® #
#                            +LQR_2014_7_31\AT91SAM7SE-USART_USB\Compil\FLASH_ #
#                            Debug\Obj\Matrix.r79                              #
#                            H:\ÊµÑéÊÒ¹¤×÷2015-8-20\2014-10-1ÊµÑéÊÒ\2015-6-27Ë #
#                            øÎ²\Ð¡Ö±Éý»ú´úÂë²âÊÔ1-9\Ð¡Ö±Éý»ú´úÂë²âÊÔ\Â·¾¶¹æ»® #
#                            +LQR_2014_7_31\AT91SAM7SE-USART_USB\Compil\FLASH_ #
#                            Debug\Obj\avcs.r79                                #
#                            H:\ÊµÑéÊÒ¹¤×÷2015-8-20\2014-10-1ÊµÑéÊÒ\2015-6-27Ë #
#                            øÎ²\Ð¡Ö±Éý»ú´úÂë²âÊÔ1-9\Ð¡Ö±Éý»ú´úÂë²âÊÔ\Â·¾¶¹æ»® #
#                            +LQR_2014_7_31\AT91SAM7SE-USART_USB\Compil\FLASH_ #
#                            Debug\Obj\bmp085.r79                              #
#                            H:\ÊµÑéÊÒ¹¤×÷2015-8-20\2014-10-1ÊµÑéÊÒ\2015-6-27Ë #
#                            øÎ²\Ð¡Ö±Éý»ú´úÂë²âÊÔ1-9\Ð¡Ö±Éý»ú´úÂë²âÊÔ\Â·¾¶¹æ»® #
#                            +LQR_2014_7_31\AT91SAM7SE-USART_USB\Compil\FLASH_ #
#                            Debug\Obj\controller.r79                          #
#                            H:\ÊµÑéÊÒ¹¤×÷2015-8-20\2014-10-1ÊµÑéÊÒ\2015-6-27Ë #
#                            øÎ²\Ð¡Ö±Éý»ú´úÂë²âÊÔ1-9\Ð¡Ö±Éý»ú´úÂë²âÊÔ\Â·¾¶¹æ»® #
#                            +LQR_2014_7_31\AT91SAM7SE-USART_USB\Compil\FLASH_ #
#                            Debug\Obj\gps.r79                                 #
#                            H:\ÊµÑéÊÒ¹¤×÷2015-8-20\2014-10-1ÊµÑéÊÒ\2015-6-27Ë #
#                            øÎ²\Ð¡Ö±Éý»ú´úÂë²âÊÔ1-9\Ð¡Ö±Éý»ú´úÂë²âÊÔ\Â·¾¶¹æ»® #
#                            +LQR_2014_7_31\AT91SAM7SE-USART_USB\Compil\FLASH_ #
#                            Debug\Obj\imu.r79                                 #
#                            H:\ÊµÑéÊÒ¹¤×÷2015-8-20\2014-10-1ÊµÑéÊÒ\2015-6-27Ë #
#                            øÎ²\Ð¡Ö±Éý»ú´úÂë²âÊÔ1-9\Ð¡Ö±Éý»ú´úÂë²âÊÔ\Â·¾¶¹æ»® #
#                            +LQR_2014_7_31\AT91SAM7SE-USART_USB\Compil\FLASH_ #
#                            Debug\Obj\interrupt_Usart.r79                     #
#                            H:\ÊµÑéÊÒ¹¤×÷2015-8-20\2014-10-1ÊµÑéÊÒ\2015-6-27Ë #
#                            øÎ²\Ð¡Ö±Éý»ú´úÂë²âÊÔ1-9\Ð¡Ö±Éý»ú´úÂë²âÊÔ\Â·¾¶¹æ»® #
#                            +LQR_2014_7_31\AT91SAM7SE-USART_USB\Compil\FLASH_ #
#                            Debug\Obj\main.r79                                #
#                            H:\ÊµÑéÊÒ¹¤×÷2015-8-20\2014-10-1ÊµÑéÊÒ\2015-6-27Ë #
#                            øÎ²\Ð¡Ö±Éý»ú´úÂë²âÊÔ1-9\Ð¡Ö±Éý»ú´úÂë²âÊÔ\Â·¾¶¹æ»® #
#                            +LQR_2014_7_31\AT91SAM7SE-USART_USB\Compil\FLASH_ #
#                            Debug\Obj\mat.r79                                 #
#                            H:\ÊµÑéÊÒ¹¤×÷2015-8-20\2014-10-1ÊµÑéÊÒ\2015-6-27Ë #
#                            øÎ²\Ð¡Ö±Éý»ú´úÂë²âÊÔ1-9\Ð¡Ö±Éý»ú´úÂë²âÊÔ\Â·¾¶¹æ»® #
#                            +LQR_2014_7_31\AT91SAM7SE-USART_USB\Compil\FLASH_ #
#                            Debug\Obj\pcm.r79                                 #
#                            H:\ÊµÑéÊÒ¹¤×÷2015-8-20\2014-10-1ÊµÑéÊÒ\2015-6-27Ë #
#                            øÎ²\Ð¡Ö±Éý»ú´úÂë²âÊÔ1-9\Ð¡Ö±Éý»ú´úÂë²âÊÔ\Â·¾¶¹æ»® #
#                            +LQR_2014_7_31\AT91SAM7SE-USART_USB\Compil\FLASH_ #
#                            Debug\Obj\spi.r79                                 #
#                            H:\ÊµÑéÊÒ¹¤×÷2015-8-20\2014-10-1ÊµÑéÊÒ\2015-6-27Ë #
#                            øÎ²\Ð¡Ö±Éý»ú´úÂë²âÊÔ1-9\Ð¡Ö±Éý»ú´úÂë²âÊÔ\Â·¾¶¹æ»® #
#                            +LQR_2014_7_31\AT91SAM7SE-USART_USB\Compil\FLASH_ #
#                            Debug\Obj\target.r79                              #
#                            H:\ÊµÑéÊÒ¹¤×÷2015-8-20\2014-10-1ÊµÑéÊÒ\2015-6-27Ë #
#                            øÎ²\Ð¡Ö±Éý»ú´úÂë²âÊÔ1-9\Ð¡Ö±Éý»ú´úÂë²âÊÔ\Â·¾¶¹æ»® #
#                            +LQR_2014_7_31\AT91SAM7SE-USART_USB\Compil\FLASH_ #
#                            Debug\Obj\timer.r79                               #
#                            H:\ÊµÑéÊÒ¹¤×÷2015-8-20\2014-10-1ÊµÑéÊÒ\2015-6-27Ë #
#                            øÎ²\Ð¡Ö±Éý»ú´úÂë²âÊÔ1-9\Ð¡Ö±Éý»ú´úÂë²âÊÔ\Â·¾¶¹æ»® #
#                            +LQR_2014_7_31\AT91SAM7SE-USART_USB\Compil\FLASH_ #
#                            Debug\Obj\trajectory.r79                          #
#                            H:\ÊµÑéÊÒ¹¤×÷2015-8-20\2014-10-1ÊµÑéÊÒ\2015-6-27Ë #
#                            øÎ²\Ð¡Ö±Éý»ú´úÂë²âÊÔ1-9\Ð¡Ö±Éý»ú´úÂë²âÊÔ\Â·¾¶¹æ»® #
#                            +LQR_2014_7_31\AT91SAM7SE-USART_USB\Compil\FLASH_ #
#                            Debug\Obj\twi.r79                                 #
#                            -o                                                #
#                            H:\ÊµÑéÊÒ¹¤×÷2015-8-20\2014-10-1ÊµÑéÊÒ\2015-6-27Ë #
#                            øÎ²\Ð¡Ö±Éý»ú´úÂë²âÊÔ1-9\Ð¡Ö±Éý»ú´úÂë²âÊÔ\Â·¾¶¹æ»® #
#                            +LQR_2014_7_31\AT91SAM7SE-USART_USB\Compil\FLASH_ #
#                            Debug\Exe\BasicUSART_USB.d79                      #
#                            -l                                                #
#                            H:\ÊµÑéÊÒ¹¤×÷2015-8-20\2014-10-1ÊµÑéÊÒ\2015-6-27Ë #
#                            øÎ²\Ð¡Ö±Éý»ú´úÂë²âÊÔ1-9\Ð¡Ö±Éý»ú´úÂë²âÊÔ\Â·¾¶¹æ»® #
#                            +LQR_2014_7_31\AT91SAM7SE-USART_USB\Compil\FLASH_ #
#                            Debug\List\BasicUSART_USB.map                     #
#                            -xms -ID:\IAREWE431\ARM\LIB\ -f                   #
#                            H:\ÊµÑéÊÒ¹¤×÷2015-8-20\2014-10-1ÊµÑéÊÒ\2015-6-27Ë #
#                            øÎ²\Ð¡Ö±Éý»ú´úÂë²âÊÔ1-9\Ð¡Ö±Éý»ú´úÂë²âÊÔ\Â·¾¶¹æ»® #
#                            +LQR_2014_7_31\AT91SAM7SE-USART_USB\Compil\resour #
#                            ce\at91SAM7SE512_FLASH.xcl                        #
#                            (-carm -Z(CONST)INTRAMSTART_REMAP=00200000        #
#                            -Z(CONST)INTRAMEND_REMAP=00207FFF                 #
#                            -DROMSTART=00000000 -DROMEND=0007FFFF             #
#                            -DRAMSTART=00200000 -DRAMEND=00207FFF             #
#                            -Z(CODE)INTVEC=00-3F                              #
#                            -Z(CODE)ICODE,DIFUNCT=ROMSTART-ROMEND             #
#                            -Z(CODE)SWITAB=ROMSTART-ROMEND                    #
#                            -Z(CODE)CODE=ROMSTART-ROMEND                      #
#                            -Z(CONST)INITTAB,DATA_ID,DATA_C=ROMSTART-ROMEND   #
#                            -Z(CONST)CHECKSUM=ROMSTART-ROMEND                 #
#                            -Z(DATA)DATA_I,DATA_Z,DATA_N=RAMSTART-RAMEND      #
#                            -Z(DATA)CODE_I=RAMSTART-RAMEND                    #
#                            -Z(CONST)CODE_ID=ROMSTART-ROMEND                  #
#                            -QCODE_I=CODE_ID -D_CSTACK_SIZE=(100*4)           #
#                            -D_IRQ_STACK_SIZE=(3*8*4) -D_HEAP_SIZE=0          #
#                            -Z(DATA)CSTACK+_CSTACK_SIZE=RAMSTART-RAMEND       #
#                            -Z(DATA)IRQ_STACK+_IRQ_STACK_SIZE=RAMSTART-RAMEND #
#                            -Z(DATA)HEAP+_HEAP_SIZE=RAMSTART-RAMEND)          #
#                            -e_PrintfLarge=_Printf -e_ScanfSmall=_Scanf -rt   #
#                            D:\IAREWE431\ARM\LIB\dl4tptinl8n.r79              #
#                            -Osimple-code=H:\ÊµÑéÊÒ¹¤×÷2015-8-20\2014-10-1ÊµÑ #
#                            éÊÒ\2015-6-27ËøÎ²\Ð¡Ö±Éý»ú´úÂë²âÊÔ1-9\Ð¡Ö±Éý»ú´úÂ #
#                            ë²âÊÔ\Â·¾¶¹æ»®+LQR_2014_7_31\AT91SAM7SE-USART_USB #
#                            \Compil\FLASH_Debug\Exe\BasicUSART_USB.sim        #
#                                                                              #
#                        Copyright 1987-2006 IAR Systems. All rights reserved. #
################################################################################





                ****************************************
                *                                      *
                *           CROSS REFERENCE            *
                *                                      *
                ****************************************

                  There are no program entries.




                ****************************************
                *                                      *
                *            RUNTIME MODEL             *
                *                                      *
                ****************************************

  ARMv4M                     = USED
  ARMv4T                     = USED
  StackAlign4                = USED
  StackAlign8                = USED
  __cpu_mode                 = __pcs__interwork
  __data_model               = absolute
  __dlib_file_descriptor     = 0
  __dlib_full_locale_support = 0
  __endian                   = little
  __rt_version               = 6
  __thumb_aware              = enabled



                ****************************************
                *                                      *
                *              MODULE MAP              *
                *                                      *
                ****************************************


  DEFINED ABSOLUTE ENTRIES
    *************************************************************************

  DEFINED ABSOLUTE ENTRIES
  PROGRAM MODULE, NAME : ?ABS_ENTRY_MOD

Absolute parts
           ENTRY                   ADDRESS         REF BY
           =====                   =======         ======
           _HEAP_SIZE              00000000 
           _IRQ_STACK_SIZE         00000060 
           _CSTACK_SIZE            00000400 
           RAMEND                  00207FFF 
           RAMSTART                00200000 
           ROMEND                  0007FFFF 
           ROMSTART                00000000 
    *************************************************************************

  FILE NAME : H:\ÊµÑéÊÒ¹¤×÷2015-8-20\2014-10-1ÊµÑéÊÒ\2015-6-27ËøÎ²\Ð¡Ö±Éý»ú´úÂë²âÊÔ1-9\Ð¡Ö±Éý»ú´úÂë²âÊÔ\Â·¾¶¹æ»®+LQR_2014_7_31\AT91SAM7SE-USART_USB\Compil\FLASH_Debug\Obj\Cstartup.r79
  PROGRAM MODULE, NAME : ?RESET

  SEGMENTS IN THE MODULE
  ======================
INTRAMEND_REMAP
  Relative segment, address: 00208000, align: 2
  Segment part 0. ROOT.
    -------------------------------------------------------------------------
ICODE
  Relative segment, address: 00000000 - 000000FB (0xfc bytes), align: 2
  Segment part 1. ROOT.
           ENTRY                   ADDRESS         REF BY
           =====                   =======         ======
           __main                  000000D0 
           AT91F_Default_FIQ_handler
                                   000000D8        AT91F_LowLevelInit (Cstartup_SAM7)
           AT91F_Default_IRQ_handler
                                   000000DC        AT91F_LowLevelInit (Cstartup_SAM7)
           AT91F_Spurious_handler
                                   000000E0        AT91F_LowLevelInit (Cstartup_SAM7)
           LOCAL                   ADDRESS         
           =====                   =======         
           reset                   00000000 
           InitReset               0000008C 
           undefvec                00000004 
           swivec                  00000008 
           pabtvec                 0000000C 
           dabtvec                 00000010 
           rsvdvec                 00000014 
           irqvec                  00000018 
           IRQ_Handler_Entry       00000044 
           fiqvec                  0000001C 
           FIQ_Handler_Entry       0000001C 
           ?jump_to_main           000000C8 
           ?call_exit              000000D4 
           End                     000000D4 
           _?0                     000000E4 
           _?1                     000000E8 
           _?2                     000000EC 
           _?3                     000000F0 
           _?4                     000000F4 
           _?5                     000000F8 

    *************************************************************************

  FILE NAME : H:\ÊµÑéÊÒ¹¤×÷2015-8-20\2014-10-1ÊµÑéÊÒ\2015-6-27ËøÎ²\Ð¡Ö±Éý»ú´úÂë²âÊÔ1-9\Ð¡Ö±Éý»ú´úÂë²âÊÔ\Â·¾¶¹æ»®+LQR_2014_7_31\AT91SAM7SE-USART_USB\Compil\FLASH_Debug\Obj\Cstartup_SAM7.r79
  PROGRAM MODULE, NAME : Cstartup_SAM7

  SEGMENTS IN THE MODULE
  ======================
CODE
  Relative segment, address: 00000150 - 000001FB (0xac bytes), align: 2
  Segment part 3.
           ENTRY                   ADDRESS         REF BY
           =====                   =======         ======
           AT91F_LowLevelInit      00000151        Segment part 1 (?RESET)
               stack 1 = 00000000 ( 00000008 )

    *************************************************************************

  FILE NAME : H:\ÊµÑéÊÒ¹¤×÷2015-8-20\2014-10-1ÊµÑéÊÒ\2015-6-27ËøÎ²\Ð¡Ö±Éý»ú´úÂë²âÊÔ1-9\Ð¡Ö±Éý»ú´úÂë²âÊÔ\Â·¾¶¹æ»®+LQR_2014_7_31\AT91SAM7SE-USART_USB\Compil\FLASH_Debug\Obj\Filter.r79
  PROGRAM MODULE, NAME : Filter

  SEGMENTS IN THE MODULE
  ======================
DATA_Z
  Relative segment, address: 002006A8 - 002006BF (0x18 bytes), align: 2
  Segment part 12.
           ENTRY                   ADDRESS         REF BY
           =====                   =======         ======
           ahrs_theta              002006A8        Segment part 101 (trajectory)
                                                   Segment part 13 (trajectory)
                                                   Segment part 32 (trajectory)
                                                   Segment part 63 (trajectory)
                                                   Segment part 71 (trajectory)
                                                   Segment part 93 (trajectory)
                                                   main (main)
                                                   output2ground() (interrupt_Usart)
                                                   servo_update_auto() (pcm)
    -------------------------------------------------------------------------
DATA_Z
  Relative segment, address: 002006C0 - 00200747 (0x88 bytes), align: 2
  Segment part 13.            Intra module refs:   Segment part 30
           ENTRY                   ADDRESS         REF BY
           =====                   =======         ======
           Cbn                     002006C0 
           accel_g                 00200708        accel2euler(double *, double const *, double *) (mat)
                                                   servo_update_auto() (pcm)
           raw_K_Quat              00200710 
           raw_ahrs_theta          00200730        servo_update_auto() (pcm)
    -------------------------------------------------------------------------
CODE
  Relative segment, address: 000001FC - 0000022B (0x30 bytes), align: 2
  Segment part 27.
           ENTRY                   ADDRESS         REF BY
           =====                   =======         ======
           ahrs_init()             000001FD        main (main)
               stack 1 = 00000000 ( 00000008 )
    -------------------------------------------------------------------------
CODE
  Relative segment, address: 0000022C - 0000029F (0x74 bytes), align: 2
  Segment part 29.            Intra module refs:   ahrs_update()
           ENTRY                   ADDRESS         REF BY
           =====                   =======         ======
           state_init()            0000022D 
               stack 1 = 00000000 ( 0000001C )
    -------------------------------------------------------------------------
CODE
  Relative segment, address: 000002A0 - 000002A3 (0x4 bytes), align: 2
  Segment part 30.            Intra module refs:   ahrs_init()
                                                   state_init()
    -------------------------------------------------------------------------
CODE
  Relative segment, address: 000002A4 - 000002A7 (0x4 bytes), align: 2
  Segment part 31.            Intra module refs:   ahrs_init()
                                                   state_init()
    -------------------------------------------------------------------------
CODE
  Relative segment, address: 000002A8 - 000002AD (0x6 bytes), align: 2
  Segment part 36.            Intra module refs:   state_init()
           LOCAL                   ADDRESS         
           =====                   =======         
           ?Subroutine18           000002A9 
    -------------------------------------------------------------------------
CODE
  Relative segment, address: 000002B0 - 000002B9 (0xa bytes), align: 2
  Segment part 40.
           ENTRY                   ADDRESS         REF BY
           =====                   =======         ======
           ahrs_update()           000002B1        main (main)
               stack 1 = 00000000 ( 00000004 )
    -------------------------------------------------------------------------
INITTAB
  Relative segment, address: 0000A8F8 - 0000A903 (0xc bytes), align: 2
  Segment part 100. ROOT.
           ENTRY                   ADDRESS         REF BY
           =====                   =======         ======
           ?init?tab?DATA_I        0000A8F8 
    -------------------------------------------------------------------------
INITTAB
  Relative segment, address: 0000A904 - 0000A90F (0xc bytes), align: 2
  Segment part 101. ROOT.
           ENTRY                   ADDRESS         REF BY
           =====                   =======         ======
           ?init?tab?DATA_Z        0000A904 

    *************************************************************************

  FILE NAME : H:\ÊµÑéÊÒ¹¤×÷2015-8-20\2014-10-1ÊµÑéÊÒ\2015-6-27ËøÎ²\Ð¡Ö±Éý»ú´úÂë²âÊÔ1-9\Ð¡Ö±Éý»ú´úÂë²âÊÔ\Â·¾¶¹æ»®+LQR_2014_7_31\AT91SAM7SE-USART_USB\Compil\FLASH_Debug\Obj\Matrix.r79
    *************************************************************************

  FILE NAME : H:\ÊµÑéÊÒ¹¤×÷2015-8-20\2014-10-1ÊµÑéÊÒ\2015-6-27ËøÎ²\Ð¡Ö±Éý»ú´úÂë²âÊÔ1-9\Ð¡Ö±Éý»ú´úÂë²âÊÔ\Â·¾¶¹æ»®+LQR_2014_7_31\AT91SAM7SE-USART_USB\Compil\FLASH_Debug\Obj\avcs.r79
  PROGRAM MODULE, NAME : avcs

  SEGMENTS IN THE MODULE
  ======================
DATA_I
  Relative segment, address: 00200000 - 0020006F (0x70 bytes), align: 2
  Segment part 2.             Intra module refs:   avcs(int *)
           LOCAL                   ADDRESS         
           =====                   =======         
           avcs(int *)::_rate_error
                                   00200024 
           avcs(int *)::flag_breach_limit
                                   00200000 
           avcs(int *)::gain_D     0020000C 
           avcs(int *)::gain_P     00200004 
           avcs(int *)::gyro_bias
                                   0020001C 
           avcs(int *)::i_rate_error
                                   0020002C 
           avcs(int *)::manual_mid
                                   00200014 
           avcs(int *)::stage      0020006C 
           avcs(int *)::tar_rate_p
                                   00200064 
           avcs(int *)::tar_rate_pp
                                   0020005C 
           avcs(int *)::tar_rate_ppp
                                   00200054 
           avcs(int *)::tar_rate_pppp
                                   0020004C 
           avcs(int *)::tar_rate_ppppp
                                   00200044 
           avcs(int *)::tar_rate_pppppp
                                   0020003C 
           avcs(int *)::tar_rate_ppppppp
                                   00200034 
    -------------------------------------------------------------------------
CODE
  Relative segment, address: 000002BC - 000006EB (0x430 bytes), align: 2
  Segment part 5.
           ENTRY                   ADDRESS         REF BY
           =====                   =======         ======
           avcs(int *)             000002BD        servo_update_auto() (pcm)
               stack 1 = 00000000 ( 00000074 )
    -------------------------------------------------------------------------
DATA_ID
  Relative segment, address: 0000A910 - 0000A97F (0x70 bytes), align: 2
  Segment part 3.             Intra module refs:   Segment part 2

    *************************************************************************

  FILE NAME : H:\ÊµÑéÊÒ¹¤×÷2015-8-20\2014-10-1ÊµÑéÊÒ\2015-6-27ËøÎ²\Ð¡Ö±Éý»ú´úÂë²âÊÔ1-9\Ð¡Ö±Éý»ú´úÂë²âÊÔ\Â·¾¶¹æ»®+LQR_2014_7_31\AT91SAM7SE-USART_USB\Compil\FLASH_Debug\Obj\bmp085.r79
  PROGRAM MODULE, NAME : bmp085

  SEGMENTS IN THE MODULE
  ======================
DATA_Z
  Relative segment, address: 00200748 - 0020076F (0x28 bytes), align: 2
  Segment part 2.             Intra module refs:   Segment part 4
           ENTRY                   ADDRESS         REF BY
           =====                   =======         ======
           bmp085                  00200748 
    -------------------------------------------------------------------------
DATA_Z
  Relative segment, address: 00201718 - 00201718 (0x1 bytes), align: 0
  Segment part 5.
           ENTRY                   ADDRESS         REF BY
           =====                   =======         ======
           compass_update_flag     00201718        imu_monitor() (imu)
    -------------------------------------------------------------------------
DATA_Z
  Relative segment, address: 00200770 - 0020077B (0xc bytes), align: 2
  Segment part 7.             Intra module refs:   hmc_update()
           ENTRY                   ADDRESS         REF BY
           =====                   =======         ======
           pni_value               00200770        compass_update() (imu)
    -------------------------------------------------------------------------
CODE
  Relative segment, address: 000006EC - 0000077B (0x90 bytes), align: 2
  Segment part 14.            Intra module refs:   scp1000_init()
           ENTRY                   ADDRESS         REF BY
           =====                   =======         ======
           bmp085_t::BMP085_BUS_WRITE_FUNC(AT91PS_TWI, int, int, unsigned char *, unsigned int)
                                   000006ED 
               stack 1 = 00000000 ( 00000014 )
    -------------------------------------------------------------------------
CODE
  Relative segment, address: 0000077C - 000007E3 (0x68 bytes), align: 2
  Segment part 16.            Intra module refs:   lidar_lite_update(double *)
                                                   scp1000_init()
                                                   scp1000_pressure(double *)
                                                   timer0_c_irq_handler()
           ENTRY                   ADDRESS         REF BY
           =====                   =======         ======
           bmp085_t::BMP085_BUS_READ_FUNC(AT91PS_TWI, int, int, unsigned char *, unsigned int)
                                   0000077D 
               stack 1 = 00000000 ( 00000014 )
    -------------------------------------------------------------------------
CODE
  Relative segment, address: 000007E4 - 000007E9 (0x6 bytes), align: 2
  Segment part 17.            Intra module refs:   bmp085_t::BMP085_BUS_READ_FUNC(AT91PS_TWI, int, int, unsigned char *, unsigned int)
                                                   bmp085_t::BMP085_BUS_WRITE_FUNC(AT91PS_TWI, int, int, unsigned char *, unsigned int)
           LOCAL                   ADDRESS         
           =====                   =======         
           ?Subroutine20           000007E5 
    -------------------------------------------------------------------------
CODE
  Relative segment, address: 000007EC - 000007EF (0x4 bytes), align: 2
  Segment part 18.            Intra module refs:   bmp085_t::BMP085_BUS_READ_FUNC(AT91PS_TWI, int, int, unsigned char *, unsigned int)
                                                   bmp085_t::BMP085_BUS_WRITE_FUNC(AT91PS_TWI, int, int, unsigned char *, unsigned int)
    -------------------------------------------------------------------------
CODE
  Relative segment, address: 000007F0 - 0000083F (0x50 bytes), align: 2
  Segment part 34.
           ENTRY                   ADDRESS         REF BY
           =====                   =======         ======
           scp1000_init()          000007F1        main (main)
               stack 1 = 00000000 ( 0000001C )
    -------------------------------------------------------------------------
CODE
  Relative segment, address: 00000840 - 000008AD (0x6e bytes), align: 2
  Segment part 36.            Intra module refs:   scp1000_init()
                                                   timer0_c_irq_handler()
           ENTRY                   ADDRESS         REF BY
           =====                   =======         ======
           scp1000_pressure(double *)
                                   00000841 
               stack 1 = 00000000 ( 0000002C )
    -------------------------------------------------------------------------
CODE
  Relative segment, address: 000008B0 - 000008B3 (0x4 bytes), align: 2
  Segment part 37.            Intra module refs:   scp1000_init()
                                                   scp1000_pressure(double *)
    -------------------------------------------------------------------------
CODE
  Relative segment, address: 000008B4 - 000008B7 (0x4 bytes), align: 2
  Segment part 38.            Intra module refs:   scp1000_init()
                                                   scp1000_pressure(double *)
    -------------------------------------------------------------------------
CODE
  Relative segment, address: 000008B8 - 000008BB (0x4 bytes), align: 2
  Segment part 39.            Intra module refs:   scp1000_init()
                                                   scp1000_pressure(double *)
    -------------------------------------------------------------------------
CODE
  Relative segment, address: 000008BC - 00000903 (0x48 bytes), align: 2
  Segment part 41.            Intra module refs:   timer0_c_irq_handler()
           ENTRY                   ADDRESS         REF BY
           =====                   =======         ======
           lidar_lite_update(double *)
                                   000008BD 
               stack 1 = 00000000 ( 00000014 )
    -------------------------------------------------------------------------
CODE
  Relative segment, address: 00000904 - 00000907 (0x4 bytes), align: 2
  Segment part 56.            Intra module refs:   lidar_lite_update(double *)
    -------------------------------------------------------------------------
CODE
  Relative segment, address: 00000908 - 0000090B (0x4 bytes), align: 2
  Segment part 57.            Intra module refs:   lidar_lite_update(double *)
    -------------------------------------------------------------------------
CODE
  Relative segment, address: 0000090C - 0000097D (0x72 bytes), align: 2
  Segment part 61.
           ENTRY                   ADDRESS         REF BY
           =====                   =======         ======
           scp1000_update()        0000090D        main (main)
               stack 1 = 00000000 ( 00000010 )
    -------------------------------------------------------------------------
CODE
  Relative segment, address: 00000980 - 00000983 (0x4 bytes), align: 2
  Segment part 62.            Intra module refs:   scp1000_update()
    -------------------------------------------------------------------------
CODE
  Relative segment, address: 00000984 - 00000987 (0x4 bytes), align: 2
  Segment part 63.            Intra module refs:   scp1000_update()
    -------------------------------------------------------------------------
CODE
  Relative segment, address: 00000988 - 0000098B (0x4 bytes), align: 2
  Segment part 64.            Intra module refs:   scp1000_update()
    -------------------------------------------------------------------------
CODE
  Relative segment, address: 0000098C - 0000098F (0x4 bytes), align: 2
  Segment part 65.            Intra module refs:   scp1000_update()
    -------------------------------------------------------------------------
CODE
  Relative segment, address: 00000990 - 00000993 (0x4 bytes), align: 2
  Segment part 66.            Intra module refs:   scp1000_update()
    -------------------------------------------------------------------------
CODE
  Relative segment, address: 00000994 - 00000997 (0x4 bytes), align: 2
  Segment part 67.            Intra module refs:   scp1000_update()
    -------------------------------------------------------------------------
DATA_I
  Relative segment, address: 00200070 - 002000CB (0x5c bytes), align: 2
  Segment part 3.             Intra module refs:   ?Subroutine24
                                                   Segment part 37
                                                   Segment part 57
                                                   Segment part 62
           ENTRY                   ADDRESS         REF BY
           =====                   =======         ======
           HDG                     00200073        imu_monitor() (imu)
                                                   main (main)
           bmp_height              0020007C        main (main)
                                                   output2ground() (interrupt_Usart)
                                                   servo_update_auto() (pcm)
           bmp_update_flag         00200070        main (main)
           imu_count               002000A8 
           imu_num                 00200071        imu_monitor() (imu)
           imu_update_flag         00200074        imu_monitor() (imu)
                                                   imu_update() (imu)
           lidar_lite_distance     002000C4        output2ground() (interrupt_Usart)
                                                   servo_update_auto() (pcm)
           p_bmp085                002000A4 
           pressure                002000B8 
           raw_imu_update          00200075        imu_monitor() (imu)
                                                   main (main)
           scp_height              00200084 
           scp_num                 00200072 
           scp_pressure            0020009C 
           scp_status              00200076 
           temperature             00200078 
           timer0_num              002000AC        imu_monitor() (imu)
                                                   main (main)
           up                      002000B0 
           ut                      002000B4 
           zero_bmp_height         00200094 
           zero_scp_height         0020008C 
           LOCAL                   ADDRESS         
           =====                   =======         
           bmp085_update()::zero_count
                                   002000BC 
           scp1000_update()::zero_count
                                   002000C0 
    -------------------------------------------------------------------------
CODE
  Relative segment, address: 00000998 - 00000A03 (0x6c bytes), align: 2
  Segment part 69.            Intra module refs:   timer0_c_irq_handler()
           ENTRY                   ADDRESS         REF BY
           =====                   =======         ======
           hmc_update()            00000999 
               stack 1 = 00000000 ( 0000000C )
    -------------------------------------------------------------------------
CODE
  Relative segment, address: 00000A04 - 00000AEB (0xe8 bytes), align: 2
  Segment part 71.
           ENTRY                   ADDRESS         REF BY
           =====                   =======         ======
           timer0_c_irq_handler()
                                   00000A05        timer_init() (timer)
               stack 1 = 00000000 ( 0000001C )
    -------------------------------------------------------------------------
CODE
  Relative segment, address: 00000AEC - 00000B27 (0x3c bytes), align: 2
  Segment part 72.            Intra module refs:   timer0_c_irq_handler()
           LOCAL                   ADDRESS         
           =====                   =======         
           ?Subroutine24           00000AED 
    -------------------------------------------------------------------------
CODE
  Relative segment, address: 00000B28 - 00000B2B (0x4 bytes), align: 2
  Segment part 73.            Intra module refs:   timer0_c_irq_handler()
    -------------------------------------------------------------------------
CODE
  Relative segment, address: 00000B2C - 00000B2F (0x4 bytes), align: 2
  Segment part 74.            Intra module refs:   timer0_c_irq_handler()
    -------------------------------------------------------------------------
DATA_ID
  Relative segment, address: 0000A980 - 0000A9DB (0x5c bytes), align: 2
  Segment part 4.             Intra module refs:   Segment part 3

    *************************************************************************

  FILE NAME : H:\ÊµÑéÊÒ¹¤×÷2015-8-20\2014-10-1ÊµÑéÊÒ\2015-6-27ËøÎ²\Ð¡Ö±Éý»ú´úÂë²âÊÔ1-9\Ð¡Ö±Éý»ú´úÂë²âÊÔ\Â·¾¶¹æ»®+LQR_2014_7_31\AT91SAM7SE-USART_USB\Compil\FLASH_Debug\Obj\controller.r79
  PROGRAM MODULE, NAME : controller

  SEGMENTS IN THE MODULE
  ======================
DATA_Z
  Relative segment, address: 0020077C - 002007E3 (0x68 bytes), align: 2
  Segment part 6.             Intra module refs:   Segment part 44
           ENTRY                   ADDRESS         REF BY
           =====                   =======         ======
           D_commends              002007D4 
           Y_commend               002007C4 
           out_loop_D_PID          002007AC        Segment part 47 (pcm)
                                                   output2ground() (interrupt_Usart)
                                                   servo_update_auto() (pcm)
           out_loop_X_PID          0020077C        Segment part 45 (pcm)
                                                   output2ground() (interrupt_Usart)
                                                   servo_update_auto() (pcm)
           out_loop_Y_PID          00200794        Segment part 46 (pcm)
                                                   output2ground() (interrupt_Usart)
                                                   servo_update_auto() (pcm)
    -------------------------------------------------------------------------
DATA_Z
  Relative segment, address: 002007E4 - 0020083B (0x58 bytes), align: 2
  Segment part 8.             Intra module refs:   Segment part 37
           ENTRY                   ADDRESS         REF BY
           =====                   =======         ======
           in_loop_pitch_PID       002007FC        Segment part 44 (pcm)
                                                   output2ground() (interrupt_Usart)
                                                   servo_update_auto() (pcm)
           in_loop_roll_PID        002007E4        Segment part 43 (pcm)
                                                   output2ground() (interrupt_Usart)
                                                   servo_update_auto() (pcm)
           in_loop_yaw_PID         00200814        avcs(int *) (avcs)
                                                   output2ground() (interrupt_Usart)
           yaw_feedback            0020082C 
    -------------------------------------------------------------------------
DATA_Z
  Relative segment, address: 0020083C - 00200883 (0x48 bytes), align: 2
  Segment part 9.             Intra module refs:   Segment part 19
                                                   set_init_state()
           ENTRY                   ADDRESS         REF BY
           =====                   =======         ======
           X_limits                0020083C 
    -------------------------------------------------------------------------
DATA_Z
  Relative segment, address: 00200884 - 002008CB (0x48 bytes), align: 2
  Segment part 10.            Intra module refs:   Segment part 20
                                                   set_init_state()
           ENTRY                   ADDRESS         REF BY
           =====                   =======         ======
           Y_limits                00200884 
    -------------------------------------------------------------------------
DATA_Z
  Relative segment, address: 002008CC - 00200913 (0x48 bytes), align: 2
  Segment part 11.            Intra module refs:   Segment part 21
                                                   set_init_state()
           ENTRY                   ADDRESS         REF BY
           =====                   =======         ======
           D_limits                002008CC 
    -------------------------------------------------------------------------
DATA_Z
  Relative segment, address: 00200914 - 0020095B (0x48 bytes), align: 2
  Segment part 12.            Intra module refs:   Segment part 22
                                                   set_init_state()
           ENTRY                   ADDRESS         REF BY
           =====                   =======         ======
           roll_limits             00200914 
    -------------------------------------------------------------------------
DATA_Z
  Relative segment, address: 0020095C - 002009A3 (0x48 bytes), align: 2
  Segment part 13.            Intra module refs:   Segment part 38
                                                   set_init_state()
           ENTRY                   ADDRESS         REF BY
           =====                   =======         ======
           pitch_limits            0020095C 
    -------------------------------------------------------------------------
DATA_Z
  Relative segment, address: 002009A4 - 002009EB (0x48 bytes), align: 2
  Segment part 14.            Intra module refs:   Segment part 39
                                                   set_init_state()
           ENTRY                   ADDRESS         REF BY
           =====                   =======         ======
           yaw_limits              002009A4 
    -------------------------------------------------------------------------
DATA_I
  Relative segment, address: 002000CC - 0020017B (0xb0 bytes), align: 2
  Segment part 4.             Intra module refs:   Segment part 34
           ENTRY                   ADDRESS         REF BY
           =====                   =======         ======
           LQR_pitchGain           00200164 
           LQR_rollGain            0020014C 
           X_commend               002000EC 
           outputs                 002000CC 
           pitch_commend           0020010C        output2ground() (interrupt_Usart)
                                                   servo_update_auto() (pcm)
           pitch_feedback          0020013C 
           roll_commend            002000FC        output2ground() (interrupt_Usart)
                                                   servo_update_auto() (pcm)
           roll_feedback           0020012C 
           yaw_commend             0020011C        avcs(int *) (avcs)
                                                   output2ground() (interrupt_Usart)
    -------------------------------------------------------------------------
CODE
  Relative segment, address: 00000B30 - 00000D0F (0x1e0 bytes), align: 2
  Segment part 18.            Intra module refs:   reset_controller()
           ENTRY                   ADDRESS         REF BY
           =====                   =======         ======
           set_limits()            00000B31 
               stack 1 = 00000000 ( 00000010 )
    -------------------------------------------------------------------------
CODE
  Relative segment, address: 00000D10 - 00000D13 (0x4 bytes), align: 2
  Segment part 19.            Intra module refs:   set_limits()
    -------------------------------------------------------------------------
CODE
  Relative segment, address: 00000D14 - 00000D17 (0x4 bytes), align: 2
  Segment part 20.            Intra module refs:   set_limits()
    -------------------------------------------------------------------------
CODE
  Relative segment, address: 00000D18 - 00000D1B (0x4 bytes), align: 2
  Segment part 21.            Intra module refs:   set_limits()
    -------------------------------------------------------------------------
CODE
  Relative segment, address: 00000D1C - 00000D1F (0x4 bytes), align: 2
  Segment part 22.            Intra module refs:   set_limits()
    -------------------------------------------------------------------------
CODE
  Relative segment, address: 00000D20 - 00000D57 (0x38 bytes), align: 2
  Segment part 24.            Intra module refs:   reset_controller()
           ENTRY                   ADDRESS         REF BY
           =====                   =======         ======
           set_init_state()        00000D21        main (main)
    -------------------------------------------------------------------------
CODE
  Relative segment, address: 00000D58 - 00000E47 (0xf0 bytes), align: 2
  Segment part 26.
           ENTRY                   ADDRESS         REF BY
           =====                   =======         ======
           reset_controller()      00000D59        main (main)
               stack 1 = 00000000 ( 00000014 )
    -------------------------------------------------------------------------
CODE
  Relative segment, address: 00000E48 - 00000E4B (0x4 bytes), align: 2
  Segment part 34.            Intra module refs:   reset_controller()
    -------------------------------------------------------------------------
CODE
  Relative segment, address: 00000E4C - 00000E4F (0x4 bytes), align: 2
  Segment part 37.            Intra module refs:   reset_controller()
    -------------------------------------------------------------------------
CODE
  Relative segment, address: 00000E50 - 00000E53 (0x4 bytes), align: 2
  Segment part 38.            Intra module refs:   set_limits()
    -------------------------------------------------------------------------
CODE
  Relative segment, address: 00000E54 - 00000E57 (0x4 bytes), align: 2
  Segment part 39.            Intra module refs:   set_limits()
    -------------------------------------------------------------------------
CODE
  Relative segment, address: 00000E58 - 00000E63 (0xc bytes), align: 2
  Segment part 42.            Intra module refs:   reset_controller()
           LOCAL                   ADDRESS         
           =====                   =======         
           ?Subroutine16           00000E59 
    -------------------------------------------------------------------------
CODE
  Relative segment, address: 00000E64 - 00000E67 (0x4 bytes), align: 2
  Segment part 44.            Intra module refs:   reset_controller()
    -------------------------------------------------------------------------
CODE
  Relative segment, address: 00000E68 - 00000E6B (0x4 bytes), align: 2
  Segment part 51.            Intra module refs:   reset_controller()
    -------------------------------------------------------------------------
DATA_ID
  Relative segment, address: 0000A9DC - 0000AA8B (0xb0 bytes), align: 2
  Segment part 5.             Intra module refs:   Segment part 4

    *************************************************************************

  FILE NAME : H:\ÊµÑéÊÒ¹¤×÷2015-8-20\2014-10-1ÊµÑéÊÒ\2015-6-27ËøÎ²\Ð¡Ö±Éý»ú´úÂë²âÊÔ1-9\Ð¡Ö±Éý»ú´úÂë²âÊÔ\Â·¾¶¹æ»®+LQR_2014_7_31\AT91SAM7SE-USART_USB\Compil\FLASH_Debug\Obj\gps.r79
  PROGRAM MODULE, NAME : gps

  SEGMENTS IN THE MODULE
  ======================
CODE
  Relative segment, address: 00000E6C - 00000E81 (0x16 bytes), align: 2
  Segment part 13.            Intra module refs:   gpgga_update()
                                                   gpvtg_update()
           ENTRY                   ADDRESS         REF BY
           =====                   =======         ======
           index(char *, int)      00000E6D 
               stack 1 = 00000000 ( 00000004 )
    -------------------------------------------------------------------------
DATA_Z
  Relative segment, address: 002009EC - 00200A03 (0x18 bytes), align: 2
  Segment part 5.
           ENTRY                   ADDRESS         REF BY
           =====                   =======         ======
           input_xyz               002009EC        output2ground() (interrupt_Usart)
                                                   servo_update_auto() (pcm)
    -------------------------------------------------------------------------
DATA_Z
  Relative segment, address: 00200A04 - 00200A3B (0x38 bytes), align: 2
  Segment part 6.             Intra module refs:   gps_update()
           ENTRY                   ADDRESS         REF BY
           =====                   =======         ======
           input_uvw               00200A1C        output2ground() (interrupt_Usart)
                                                   servo_update_auto() (pcm)
           input_yaw               00200A34        main (main)
                                                   output2ground() (interrupt_Usart)
                                                   servo_update_auto() (pcm)
           last_raw_current_xyz    00200A04 
    -------------------------------------------------------------------------
DATA_Z
  Relative segment, address: 00201719 - 00201719 (0x1 bytes), align: 0
  Segment part 8.
           ENTRY                   ADDRESS         REF BY
           =====                   =======         ======
           abnormal_limit_flag     00201719        abnormal_limit(double, double, double *, double) (mat)
    -------------------------------------------------------------------------
CODE
  Relative segment, address: 00000E84 - 00000EB9 (0x36 bytes), align: 2
  Segment part 17.
           ENTRY                   ADDRESS         REF BY
           =====                   =======         ======
           strntol(char *, size_t, char * *, int)
                                   00000E85        servo_update_auto() (pcm)
               stack 1 = 00000000 ( 0000001C )
    -------------------------------------------------------------------------
CODE
  Relative segment, address: 00000EBC - 0000114F (0x294 bytes), align: 2
  Segment part 19.            Intra module refs:   gps_update()
           ENTRY                   ADDRESS         REF BY
           =====                   =======         ======
           gps_date_init()         00000EBD 
               stack 1 = 00000000 ( 00000038 )
    -------------------------------------------------------------------------
CODE
  Relative segment, address: 00001150 - 00001153 (0x4 bytes), align: 2
  Segment part 20.            Intra module refs:   gps_date_init()
    -------------------------------------------------------------------------
CODE
  Relative segment, address: 00001154 - 00001157 (0x4 bytes), align: 2
  Segment part 21.            Intra module refs:   gps_date_init()
    -------------------------------------------------------------------------
CODE
  Relative segment, address: 00001158 - 0000115B (0x4 bytes), align: 2
  Segment part 22.            Intra module refs:   gps_date_init()
    -------------------------------------------------------------------------
CODE
  Relative segment, address: 0000115C - 0000115F (0x4 bytes), align: 2
  Segment part 23.            Intra module refs:   gps_date_init()
    -------------------------------------------------------------------------
DATA_I
  Relative segment, address: 0020017C - 002001FB (0x80 bytes), align: 2
  Segment part 3.             Intra module refs:   Segment part 20
                                                   Segment part 32
                                                   Segment part 48
                                                   Segment part 51
                                                   llh2ECEF(double *)
           ENTRY                   ADDRESS         REF BY
           =====                   =======         ======
           e                       002001E8 
           f                       002001E0 
           gps_gga_altitude        002001D0 
           gps_gga_hdop            002001C8 
           gps_gga_latitude        002001B8 
           gps_gga_longitude       002001C0 
           gps_gga_num_sats        002001F8        output2ground() (interrupt_Usart)
           gps_gga_quality         002001F4        output2ground() (interrupt_Usart)
           gps_gga_time            002001B0 
           gps_gga_wgs_alt         002001D8 
           gps_update_flag         002001F0 
           zero_flag               0020017C 
           zero_position0          00200198 
           zero_position1          002001A0 
           zero_position2          002001A8 
           zero_position_ECEF      00200180 
           LOCAL                   ADDRESS         
           =====                   =======         
           gps_date_init()::first_entry
                                   0020017D 
    -------------------------------------------------------------------------
CODE
  Relative segment, address: 00001160 - 000013A7 (0x248 bytes), align: 2
  Segment part 25.            Intra module refs:   gps_update()
           ENTRY                   ADDRESS         REF BY
           =====                   =======         ======
           gpgga_update()          00001161 
               stack 1 = 00000000 ( 0000002C )
    -------------------------------------------------------------------------
CODE
  Relative segment, address: 000013A8 - 000013D7 (0x30 bytes), align: 2
  Segment part 26.            Intra module refs:   gpgga_update()
                                                   gps_date_init()
                                                   gps_monitor()
                                                   gps_update()
           LOCAL                   ADDRESS         
           =====                   =======         
           ?Subroutine12           000013A9 
    -------------------------------------------------------------------------
CODE
  Relative segment, address: 000013D8 - 000013DB (0x4 bytes), align: 2
  Segment part 27.            Intra module refs:   gpgga_update()
    -------------------------------------------------------------------------
CODE
  Relative segment, address: 000013DC - 00001443 (0x68 bytes), align: 2
  Segment part 29.            Intra module refs:   gps_update()
           ENTRY                   ADDRESS         REF BY
           =====                   =======         ======
           gpvtg_update()          000013DD 
               stack 1 = 00000000 ( 0000000C )
    -------------------------------------------------------------------------
CODE
  Relative segment, address: 00001444 - 000014CB (0x88 bytes), align: 2
  Segment part 31.            Intra module refs:   gps_update()
           ENTRY                   ADDRESS         REF BY
           =====                   =======         ======
           gps2xyz(double *)       00001445 
               stack 1 = 00000000 ( 00000010 )
    -------------------------------------------------------------------------
CODE
  Relative segment, address: 000014CC - 000014CF (0x4 bytes), align: 2
  Segment part 32.            Intra module refs:   gpgga_update()
                                                   gps2xyz(double *)
    -------------------------------------------------------------------------
CODE
  Relative segment, address: 000014D0 - 000014D3 (0x4 bytes), align: 2
  Segment part 35.            Intra module refs:   gpvtg_update()
    -------------------------------------------------------------------------
CODE
  Relative segment, address: 000014D4 - 000014D7 (0x4 bytes), align: 2
  Segment part 36.            Intra module refs:   gps2xyz(double *)
    -------------------------------------------------------------------------
CODE
  Relative segment, address: 000014D8 - 000014DB (0x4 bytes), align: 2
  Segment part 37.            Intra module refs:   gps2xyz(double *)
    -------------------------------------------------------------------------
CODE
  Relative segment, address: 000014DC - 0000156F (0x94 bytes), align: 2
  Segment part 46.
           ENTRY                   ADDRESS         REF BY
           =====                   =======         ======
           gps_monitor()           000014DD        main (main)
               stack 1 = 00000000 ( 00000014 )
    -------------------------------------------------------------------------
CODE
  Relative segment, address: 00001570 - 00001573 (0x4 bytes), align: 2
  Segment part 47.            Intra module refs:   gps_monitor()
    -------------------------------------------------------------------------
CODE
  Relative segment, address: 00001574 - 00001577 (0x4 bytes), align: 2
  Segment part 48.            Intra module refs:   gps_monitor()
    -------------------------------------------------------------------------
DATA_Z
  Relative segment, address: 00200A3C - 00200A87 (0x4c bytes), align: 2
  Segment part 9.             Intra module refs:   Segment part 35
                                                   Segment part 47
           ENTRY                   ADDRESS         REF BY
           =====                   =======         ======
           gps_vtg_course          00200A3C 
           gps_vtg_speed           00200A44 
           last_gps_gga_num_sats   00200A6C 
           LOCAL                   ADDRESS         
           =====                   =======         
           gps_monitor()::course_flag
                                   00200A80 
           gps2uvw(double *)::last_Z
                                   00200A4C 
           gps_monitor()::last_gga_time
                                   00200A64 
           gps_monitor()::last_vtg_course
                                   00200A54 
           gps_monitor()::last_vtg_speed
                                   00200A5C 
           gps_monitor()::speed_flag
                                   00200A7C 
           gps_monitor()::time_flag
                                   00200A84 
           gps2uvw(double *)::window_vel_z
                                   00200A70 
    -------------------------------------------------------------------------
DATA_Z
  Relative segment, address: 00200A88 - 00200ACF (0x48 bytes), align: 2
  Segment part 10.            Intra module refs:   ECEF2Tangent(double *)
                                                   gps_date_init()
           ENTRY                   ADDRESS         REF BY
           =====                   =======         ======
           Re2t                    00200A88 
    -------------------------------------------------------------------------
CODE
  Relative segment, address: 00001578 - 0000180B (0x294 bytes), align: 2
  Segment part 50.
           ENTRY                   ADDRESS         REF BY
           =====                   =======         ======
           gps_update()            00001579        main (main)
               stack 1 = 00000000 ( 00000048 )
    -------------------------------------------------------------------------
CODE
  Relative segment, address: 0000180C - 0000180F (0x4 bytes), align: 2
  Segment part 51.            Intra module refs:   gps_update()
    -------------------------------------------------------------------------
CODE
  Relative segment, address: 00001810 - 00001813 (0x4 bytes), align: 2
  Segment part 52.            Intra module refs:   gps_update()
    -------------------------------------------------------------------------
CODE
  Relative segment, address: 00001814 - 00001817 (0x4 bytes), align: 2
  Segment part 53.            Intra module refs:   gps_update()
    -------------------------------------------------------------------------
CODE
  Relative segment, address: 00001818 - 0000181B (0x4 bytes), align: 2
  Segment part 54.            Intra module refs:   gps_update()
    -------------------------------------------------------------------------
CODE
  Relative segment, address: 0000181C - 00001823 (0x8 bytes), align: 2
  Segment part 68.            Intra module refs:   gpgga_update()
           ENTRY                   ADDRESS         REF BY
           =====                   =======         ======
           __doubleToFloat::??rT   0000181D 
    -------------------------------------------------------------------------
CODE
  Relative segment, address: 00001824 - 0000182B (0x8 bytes), align: 2
  Segment part 69.            Intra module refs:   gpgga_update()
           ENTRY                   ADDRESS         REF BY
           =====                   =======         ======
           __longToFloat::??rT     00001825 
    -------------------------------------------------------------------------
CODE
  Relative segment, address: 0000182C - 00001833 (0x8 bytes), align: 2
  Segment part 70.            Intra module refs:   gpgga_update()
           ENTRY                   ADDRESS         REF BY
           =====                   =======         ======
           __fAdd::??rT            0000182D 
    -------------------------------------------------------------------------
CODE
  Relative segment, address: 00001834 - 0000183B (0x8 bytes), align: 2
  Segment part 71.            Intra module refs:   gpgga_update()
           ENTRY                   ADDRESS         REF BY
           =====                   =======         ======
           __fMul::??rT            00001835 
    -------------------------------------------------------------------------
CODE
  Relative segment, address: 0000183C - 00001843 (0x8 bytes), align: 2
  Segment part 72.            Intra module refs:   gpgga_update()
           ENTRY                   ADDRESS         REF BY
           =====                   =======         ======
           __floatToDouble::??rT   0000183D 
    -------------------------------------------------------------------------
CODE
  Relative segment, address: 00001844 - 00001997 (0x154 bytes), align: 2
  Segment part 81.            Intra module refs:   gps2xyz(double *)
           ENTRY                   ADDRESS         REF BY
           =====                   =======         ======
           llh2ECEF(double *)      00001845 
               stack 1 = 00000000 ( 00000044 )
    -------------------------------------------------------------------------
CODE
  Relative segment, address: 00001998 - 00001AA3 (0x10c bytes), align: 2
  Segment part 82.            Intra module refs:   gps2xyz(double *)
           ENTRY                   ADDRESS         REF BY
           =====                   =======         ======
           ECEF2Tangent(double *)
                                   00001999 
               stack 1 = 00000000 ( 00000040 )
    -------------------------------------------------------------------------
DATA_ID
  Relative segment, address: 0000AA8C - 0000AB0B (0x80 bytes), align: 2
  Segment part 4.             Intra module refs:   Segment part 3

    *************************************************************************

  FILE NAME : H:\ÊµÑéÊÒ¹¤×÷2015-8-20\2014-10-1ÊµÑéÊÒ\2015-6-27ËøÎ²\Ð¡Ö±Éý»ú´úÂë²âÊÔ1-9\Ð¡Ö±Éý»ú´úÂë²âÊÔ\Â·¾¶¹æ»®+LQR_2014_7_31\AT91SAM7SE-USART_USB\Compil\FLASH_Debug\Obj\imu.r79
  PROGRAM MODULE, NAME : imu

  SEGMENTS IN THE MODULE
  ======================
DATA_Z
  Relative segment, address: 00200AD0 - 00200B2F (0x60 bytes), align: 2
  Segment part 4.             Intra module refs:   imu_update()
           ENTRY                   ADDRESS         REF BY
           =====                   =======         ======
           ahrs_pqr                00200B00        avcs(int *) (avcs)
           filter_pqr              00200B18 
           imu_accel               00200AE8        ahrs_init() (Filter)
                                                   main (main)
                                                   servo_update_auto() (pcm)
           raw_ahrs_pqr            00200AD0        output2ground() (interrupt_Usart)
                                                   servo_update_auto() (pcm)
    -------------------------------------------------------------------------
DATA_Z
  Relative segment, address: 00200B30 - 00200B47 (0x18 bytes), align: 2
  Segment part 5.
           ENTRY                   ADDRESS         REF BY
           =====                   =======         ======
           ahrs_accel              00200B30        main (main)
                                                   state_init() (Filter)
    -------------------------------------------------------------------------
DATA_Z
  Relative segment, address: 00200B48 - 00200B5F (0x18 bytes), align: 2
  Segment part 6.             Intra module refs:   compass_update()
           ENTRY                   ADDRESS         REF BY
           =====                   =======         ======
           ahrs_compass            00200B48        Segment part 31 (Filter)
    -------------------------------------------------------------------------
DATA_Z
  Relative segment, address: 00200B60 - 00200BEF (0x90 bytes), align: 2
  Segment part 7.             Intra module refs:   imu_update()
           LOCAL                   ADDRESS         
           =====                   =======         
           pqr_window              00200B60 
    -------------------------------------------------------------------------
DATA_Z
  Relative segment, address: 00200BF0 - 00200EBF (0x2d0 bytes), align: 2
  Segment part 8.             Intra module refs:   accel_filter(double *, double const *, unsigned int)
           LOCAL                   ADDRESS         
           =====                   =======         
           accel_filter(double *, double const *, unsigned int)::filter_container
                                   00200BF0 
    -------------------------------------------------------------------------
DATA_I
  Relative segment, address: 002001FC - 002001FF (0x4 bytes), align: 2
  Segment part 9.             Intra module refs:   accel_filter(double *, double const *, unsigned int)
           LOCAL                   ADDRESS         
           =====                   =======         
           accel_filter(double *, double const *, unsigned int)::length
                                   002001FC 
    -------------------------------------------------------------------------
CODE
  Relative segment, address: 00001AA4 - 00001B77 (0xd4 bytes), align: 2
  Segment part 13.
           ENTRY                   ADDRESS         REF BY
           =====                   =======         ======
           accel_filter(double *, double const *, unsigned int)
                                   00001AA5        main (main)
               stack 1 = 00000000 ( 0000003C )
    -------------------------------------------------------------------------
CODE
  Relative segment, address: 00001B78 - 00001B85 (0xe bytes), align: 2
  Segment part 15.
           ENTRY                   ADDRESS         REF BY
           =====                   =======         ======
           sensor_update()         00001B79        main (main)
               stack 1 = 00000000 ( 00000004 )
    -------------------------------------------------------------------------
CODE
  Relative segment, address: 00001B88 - 00001C13 (0x8c bytes), align: 2
  Segment part 17.
           ENTRY                   ADDRESS         REF BY
           =====                   =======         ======
           imu_monitor()           00001B89        main (main)
               stack 1 = 00000000 ( 0000000C )
    -------------------------------------------------------------------------
CODE
  Relative segment, address: 00001C14 - 00001EAF (0x29c bytes), align: 2
  Segment part 26.            Intra module refs:   sensor_update()
           ENTRY                   ADDRESS         REF BY
           =====                   =======         ======
           imu_update()            00001C15 
               stack 1 = 00000000 ( 00000048 )
    -------------------------------------------------------------------------
CODE
  Relative segment, address: 00001EB0 - 00001F17 (0x68 bytes), align: 2
  Segment part 27.            Intra module refs:   sensor_update()
           ENTRY                   ADDRESS         REF BY
           =====                   =======         ======
           compass_update()        00001EB1 
               stack 1 = 00000000 ( 00000010 )
    -------------------------------------------------------------------------
DATA_Z
  Relative segment, address: 00200EC0 - 00200EDF (0x20 bytes), align: 2
  Segment part 11.            Intra module refs:   imu_monitor()
           LOCAL                   ADDRESS         
           =====                   =======         
           imu_monitor()::imu_error
                                   00200EC0 
           imu_monitor()::last_imuframe
                                   00200EC4 
    -------------------------------------------------------------------------
DATA_ID
  Relative segment, address: 0000AB0C - 0000AB0F (0x4 bytes), align: 2
  Segment part 10.            Intra module refs:   accel_filter(double *, double const *, unsigned int)::length

    *************************************************************************

  FILE NAME : H:\ÊµÑéÊÒ¹¤×÷2015-8-20\2014-10-1ÊµÑéÊÒ\2015-6-27ËøÎ²\Ð¡Ö±Éý»ú´úÂë²âÊÔ1-9\Ð¡Ö±Éý»ú´úÂë²âÊÔ\Â·¾¶¹æ»®+LQR_2014_7_31\AT91SAM7SE-USART_USB\Compil\FLASH_Debug\Obj\interrupt_Usart.r79
  PROGRAM MODULE, NAME : interrupt_Usart

  SEGMENTS IN THE MODULE
  ======================
CODE
  Relative segment, address: 00001F18 - 00001F43 (0x2c bytes), align: 2
  Segment part 19.            Intra module refs:   AT91F_DBGU_Init()
                                                   Usart1_init()
                                                   Usart_init()
                                                   timer_init() (timer)
           ENTRY                   ADDRESS         REF BY
           =====                   =======         ======
           AT91F_AIC_ConfigureIt(AT91PS_AIC, unsigned int, unsigned int, unsigned int, void (__atpcs __interwork *)())
                                   00001F19 
               stack 1 = 00000000 ( 00000014 )
    -------------------------------------------------------------------------
CODE
  Relative segment, address: 00001F44 - 00001F67 (0x24 bytes), align: 2
  Segment part 20.            Intra module refs:   AT91F_US_Configure(AT91PS_USART, unsigned int, unsigned int, unsigned int, unsigned int)
                                                   Usart_init()
           ENTRY                   ADDRESS         REF BY
           =====                   =======         ======
           AT91F_PDC_Open(AT91PS_PDC)
                                   00001F45 
    -------------------------------------------------------------------------
CODE
  Relative segment, address: 00001F68 - 00001FBD (0x56 bytes), align: 2
  Segment part 21.            Intra module refs:   AT91F_DBGU_Init()
                                                   Usart1_init()
                                                   Usart_init()
           ENTRY                   ADDRESS         REF BY
           =====                   =======         ======
           AT91F_US_Configure(AT91PS_USART, unsigned int, unsigned int, unsigned int, unsigned int)
                                   00001F69 
               stack 1 = 00000000 ( 0000000C )
    -------------------------------------------------------------------------
CODE
  Relative segment, address: 00001FC0 - 00001FDB (0x1c bytes), align: 2
  Segment part 22.            Intra module refs:   Debug_irq_handler()
           ENTRY                   ADDRESS         REF BY
           =====                   =======         ======
           CharCounter(char *, int)
                                   00001FC1 
               stack 1 = 00000000 ( 00000004 )
    -------------------------------------------------------------------------
DATA_Z
  Relative segment, address: 00200EE0 - 00200F43 (0x64 bytes), align: 2
  Segment part 11.            Intra module refs:   Usart1_c_irq_handler()
           ENTRY                   ADDRESS         REF BY
           =====                   =======         ======
           PCM_buffer              00200EE0 
    -------------------------------------------------------------------------
DATA_I
  Relative segment, address: 00200200 - 0020022F (0x30 bytes), align: 2
  Segment part 6.             Intra module refs:   Usart_c_irq_handler()
                                                   Usart_init()
                                                   output2ground()
           ENTRY                   ADDRESS         REF BY
           =====                   =======         ======
           COM0                    0020022C 
           groundtoarm             00200204        deal_groundtoarm_date_auto() (pcm)
           groundtoarm_flag        00200200        main (main)
           to_ground_transmit_flag
                                   00200201 
    -------------------------------------------------------------------------
DATA_Z
  Relative segment, address: 00200F44 - 00200FA7 (0x64 bytes), align: 2
  Segment part 18.            Intra module refs:   ?Subroutine10
           ENTRY                   ADDRESS         REF BY
           =====                   =======         ======
           GPS_buffer              00200F44 
    -------------------------------------------------------------------------
CODE
  Relative segment, address: 00001FDC - 00002037 (0x5c bytes), align: 2
  Segment part 24.            Intra module refs:   Usart_init()
           ENTRY                   ADDRESS         REF BY
           =====                   =======         ======
           Usart_c_irq_handler()   00001FDD 
               stack 1 = 00000000 ( 0000000C )
    -------------------------------------------------------------------------
CODE
  Relative segment, address: 00002038 - 0000203B (0x4 bytes), align: 2
  Segment part 25.            Intra module refs:   Usart_c_irq_handler()
    -------------------------------------------------------------------------
CODE
  Relative segment, address: 0000203C - 0000203F (0x4 bytes), align: 2
  Segment part 26.            Intra module refs:   Usart_c_irq_handler()
    -------------------------------------------------------------------------
CODE
  Relative segment, address: 00002040 - 000020DB (0x9c bytes), align: 2
  Segment part 28.            Intra module refs:   ?Subroutine11
           ENTRY                   ADDRESS         REF BY
           =====                   =======         ======
           Usart1_c_irq_handler()
                                   00002041 
               stack 1 = 00000000 ( 00000010 )
    -------------------------------------------------------------------------
DATA_I
  Relative segment, address: 00200230 - 00200257 (0x28 bytes), align: 2
  Segment part 8.             Intra module refs:   Segment part 40
           ENTRY                   ADDRESS         REF BY
           =====                   =======         ======
           AVR_PCM                 00200234        servo_update_auto() (pcm)
           COM1                    00200250 
           LOCAL                   ADDRESS         
           =====                   =======         
           Usart1_c_irq_handler()::newchar
                                   00200230 
           Usart1_c_irq_handler()::pcm_index
                                   00200254 
    -------------------------------------------------------------------------
CODE
  Relative segment, address: 000020DC - 0000214F (0x74 bytes), align: 2
  Segment part 36.
           ENTRY                   ADDRESS         REF BY
           =====                   =======         ======
           Usart_init()            000020DD        main (main)
               stack 1 = 00000000 ( 00000014 )
    -------------------------------------------------------------------------
CODE
  Relative segment, address: 00002150 - 0000219F (0x50 bytes), align: 2
  Segment part 38.
           ENTRY                   ADDRESS         REF BY
           =====                   =======         ======
           Usart1_init()           00002151        main (main)
               stack 1 = 00000000 ( 00000014 )
    -------------------------------------------------------------------------
CODE
  Relative segment, address: 000021A0 - 000021AF (0x10 bytes), align: 2
  Segment part 39.            Intra module refs:   AT91F_DBGU_Init()
                                                   Usart1_init()
                                                   Usart_init()
           LOCAL                   ADDRESS         
           =====                   =======         
           ?Subroutine11           000021A1 
    -------------------------------------------------------------------------
CODE
  Relative segment, address: 000021B0 - 000021B3 (0x4 bytes), align: 2
  Segment part 40.            Intra module refs:   Usart1_c_irq_handler()
                                                   Usart1_init()
    -------------------------------------------------------------------------
CODE
  Relative segment, address: 000021B4 - 000022DB (0x128 bytes), align: 2
  Segment part 42.            Intra module refs:   AT91F_DBGU_Init()
           ENTRY                   ADDRESS         REF BY
           =====                   =======         ======
           Debug_irq_handler()     000021B5 
               stack 1 = 00000000 ( 00000010 )
    -------------------------------------------------------------------------
CODE
  Relative segment, address: 000022DC - 00002307 (0x2c bytes), align: 2
  Segment part 43.            Intra module refs:   Debug_irq_handler()
                                                   Usart1_c_irq_handler()
           LOCAL                   ADDRESS         
           =====                   =======         
           ?Subroutine10           000022DD 
    -------------------------------------------------------------------------
CODE
  Relative segment, address: 00002308 - 0000230B (0x4 bytes), align: 2
  Segment part 44.            Intra module refs:   Debug_irq_handler()
    -------------------------------------------------------------------------
DATA_I
  Relative segment, address: 00200258 - 0020038B (0x134 bytes), align: 2
  Segment part 14.            Intra module refs:   ?Subroutine10
           ENTRY                   ADDRESS         REF BY
           =====                   =======         ======
           gga_save_line           002002C4        ?Subroutine12 (gps)
           gga_update_flag         00200259        gps_update() (gps)
           hmc_save_line           00200260        hmc_update() (bmp085)
           hmc_update_flag         00200258        ?Subroutine24 (bmp085)
           vtg_save_line           00200328        gpvtg_update() (gps)
           vtg_update_flag         0020025A        gps_update() (gps)
           LOCAL                   ADDRESS         
           =====                   =======         
           Debug_irq_handler()::gps_index
                                   0020025B 
           Debug_irq_handler()::new_char
                                   0020025C 
    -------------------------------------------------------------------------
DATA_I
  Relative segment, address: 0020038C - 0020051B (0x190 bytes), align: 2
  Segment part 16.            Intra module refs:   output2ground()
           ENTRY                   ADDRESS         REF BY
           =====                   =======         ======
           put2ground              0020038C 
    -------------------------------------------------------------------------
CODE
  Relative segment, address: 0000230C - 00002363 (0x58 bytes), align: 2
  Segment part 46.
           ENTRY                   ADDRESS         REF BY
           =====                   =======         ======
           AT91F_DBGU_Init()       0000230D        main (main)
               stack 1 = 00000000 ( 00000014 )
    -------------------------------------------------------------------------
CODE
  Relative segment, address: 00002364 - 00002367 (0x4 bytes), align: 2
  Segment part 47.            Intra module refs:   AT91F_DBGU_Init()
                                                   Usart1_init()
                                                   Usart_init()
    -------------------------------------------------------------------------
CODE
  Relative segment, address: 00002368 - 0000236B (0x4 bytes), align: 2
  Segment part 48.            Intra module refs:   AT91F_DBGU_Init()
                                                   Usart1_init()
                                                   Usart_init()
    -------------------------------------------------------------------------
CODE
  Relative segment, address: 0000236C - 0000236F (0x4 bytes), align: 2
  Segment part 49.            Intra module refs:   AT91F_DBGU_Init()
                                                   Usart1_init()
                                                   Usart_init()
    -------------------------------------------------------------------------
CODE
  Relative segment, address: 00002370 - 00002373 (0x4 bytes), align: 2
[...]
  Segment part 0.
           ENTRY                   ADDRESS         REF BY
           =====                   =======         ======
           __aeabi_cdcmple         00009BF0        Segment part 1 (?D_CmpFloat4)

    -------------------------------------------------------------------------
  LIBRARY MODULE, NAME : ?D_CmpFloat4

  SEGMENTS IN THE MODULE
  ======================
CODE
  Relative segment, address: 00009C30 - 00009C47 (0x18 bytes), align: 2
  Segment part 1.
           ENTRY                   ADDRESS         REF BY
           =====                   =======         ======
           __dLess                 00009C30        Trajectory::Circle_Mode_Step() (trajectory)
                                                   Trajectory::Hover_Mode_Step() (trajectory)
                                                   Trajectory::Mixture_Mode_Step() (trajectory)
                                                   Trajectory::Point_to_point_Mode_Step() (trajectory)
                                                   Trajectory::circle_step(double, int, double, double) (trajectory)
                                                   Trajectory::climbing_step() (trajectory)
                                                   Trajectory::distance_calculate(int) (trajectory)
                                                   Trajectory::speed_calculate(int, int) (trajectory)
                                                   Trajectory::speed_up_step() (trajectory)
                                                   Trajectory::target_update(int) (trajectory)
                                                   Trajectory::turn_heading(double *) (trajectory)
                                                   Trajectory::turning_head_step() (trajectory)
                                                   _Atan (?xatan)
                                                   _Exp (?xexp)
                                                   _LdtobLarge (?xprintflarge)
                                                   _Log (?xlog)
                                                   _Sin (?xsin)
                                                   __dLess::??rT (?xsin)
                                                   acos (?acos)
                                                   asin (?asin)
                                                   atan2 (?atan2)
                                                   avcs(int *) (avcs)
                                                   compass_heading(double *, double *) (mat)
                                                   fmod (?fmod)
                                                   gpgga_update() (gps)
                                                   limit(double, double, double) (mat)
                                                   main (main)
                                                   pow (?pow)
                                                   servo_update_auto() (pcm)
                                                   tan (?tan)
           __dLess::??rA           00009C30 
           __aeabi_dcmplt          00009C30 

    -------------------------------------------------------------------------
  LIBRARY MODULE, NAME : ?D_MulFloat

  SEGMENTS IN THE MODULE
  ======================
CODE
  Relative segment, address: 00009C48 - 00009E7F (0x238 bytes), align: 2
  Segment part 1.
           ENTRY                   ADDRESS         REF BY
           =====                   =======         ======
           __dMul                  00009C48        ECEF2Tangent(double *) (gps)
                                                   Target_Queue::pop_target(double *) (target)
                                                   Trajectory::Circle_Mode_Step() (trajectory)
                                                   Trajectory::Mixture_Mode_Step() (trajectory)
                                                   Trajectory::Point_to_point_Mode_Step() (trajectory)
                                                   Trajectory::circle_step(double, int, double, double) (trajectory)
                                                   Trajectory::climbing_step() (trajectory)
                                                   Trajectory::distance_calculate(int) (trajectory)
                                                   Trajectory::speed_calculate(int, int) (trajectory)
                                                   Trajectory::speed_down_step() (trajectory)
                                                   Trajectory::speed_up_step() (trajectory)
                                                   _Atan (?xatan)
                                                   _Dtento (?xdtento)
                                                   _Exp (?xexp)
                                                   _LdtobLarge (?xprintflarge)
                                                   _Log (?xlog)
                                                   _Sin (?xsin)
                                                   _Stod (?xstod)
                                                   __dMul::??rT (?xstod)
                                                   acos (?acos)
                                                   asin (?asin)
                                                   avcs(int *) (avcs)
                                                   compass_heading(double *, double *) (mat)
                                                   dmul (?xdtento)
                                                   euler2quat(double *, double const *) (mat)
                                                   gpgga_update() (gps)
                                                   gps2xyz(double *) (gps)
                                                   gps_date_init() (gps)
                                                   gps_update() (gps)
                                                   gpvtg_update() (gps)
                                                   imu_update() (imu)
                                                   lidar_lite_update(double *) (bmp085)
                                                   llh2ECEF(double *) (gps)
                                                   norm(double *) (mat)
                                                   pow (?pow)
                                                   pow(double, int) (trajectory)
                                                   scp1000_update() (bmp085)
                                                   servo_update_auto() (pcm)
                                                   sqrt (?sqrt)
                                                   state_init() (Filter)
                                                   tan (?tan)
           __dMul::??rA            00009C48 
           __aeabi_dmul            00009C48 

    -------------------------------------------------------------------------
  LIBRARY MODULE, NAME : ?D_DivDouble

  SEGMENTS IN THE MODULE
  ======================
CODE
  Relative segment, address: 00009E80 - 0000A1B3 (0x334 bytes), align: 2
  Segment part 1.
           ENTRY                   ADDRESS         REF BY
           =====                   =======         ======
           __aeabi_ddiv            00009E80 
           __dDiv                  00009E80        AT91F_SetTwiClock(int) (twi)
                                                   Trajectory::Circle_Mode_Step() (trajectory)
                                                   Trajectory::Mixture_Mode_Step() (trajectory)
                                                   Trajectory::Point_to_point_Mode_Step() (trajectory)
                                                   Trajectory::circle_step(double, int, double, double) (trajectory)
                                                   Trajectory::distance_calculate(int) (trajectory)
                                                   Trajectory::speed_calculate(int, int) (trajectory)
                                                   _Atan (?xatan)
                                                   _Dtento (?xdtento)
                                                   _Exp (?xexp)
                                                   _LdtobLarge (?xprintflarge)
                                                   _Log (?xlog)
                                                   __dDiv::??rT (?xprintflarge)
                                                   accel2euler(double *, double const *, double *) (mat)
                                                   accel_filter(double *, double const *, unsigned int) (imu)
                                                   acos (?acos)
                                                   asin (?asin)
                                                   atan2 (?atan2)
                                                   avcs(int *) (avcs)
                                                   euler2quat(double *, double const *) (mat)
                                                   gpgga_update() (gps)
                                                   gps_date_init() (gps)
                                                   gps_update() (gps)
                                                   gpvtg_update() (gps)
                                                   imu_update() (imu)
                                                   llh2ECEF(double *) (gps)
                                                   norm(double *) (mat)
                                                   pow (?pow)
                                                   pow(double, int) (trajectory)
                                                   scp1000_update() (bmp085)
                                                   servo_update_auto() (pcm)
                                                   sqrt (?sqrt)
                                                   tan (?tan)
           __dDiv::??rA            00009E80 

    -------------------------------------------------------------------------
  LIBRARY MODULE, NAME : ?D_SubDouble

  SEGMENTS IN THE MODULE
  ======================
CODE
  Relative segment, address: 0000A1B4 - 0000A3AB (0x1f8 bytes), align: 2
  Segment part 1.
           ENTRY                   ADDRESS         REF BY
           =====                   =======         ======
           __aeabi_dsub            0000A1B4 
           __dSub                  0000A1B4        Trajectory::circle_step(double, int, double, double) (trajectory)
                                                   Trajectory::distance_calculate(int) (trajectory)
                                                   Trajectory::speed_down_step() (trajectory)
                                                   Trajectory::speed_up_step() (trajectory)
                                                   Trajectory::turn_heading(double *) (trajectory)
                                                   Trajectory::turning_head_step() (trajectory)
                                                   _Exp (?xexp)
                                                   _LdtobLarge (?xprintflarge)
                                                   _Log (?xlog)
                                                   _Sin (?xsin)
                                                   __dSub::??rT (?xsin)
                                                   abnormal_limit(double, double, double *, double) (mat)
                                                   acos (?acos)
                                                   asin (?asin)
                                                   avcs(int *) (avcs)
                                                   compass_heading(double *, double *) (mat)
                                                   euler2quat(double *, double const *) (mat)
                                                   fmod (?fmod)
                                                   gpgga_update() (gps)
                                                   gps2xyz(double *) (gps)
                                                   gps_date_init() (gps)
                                                   gps_update() (gps)
                                                   llh2ECEF(double *) (gps)
                                                   main (main)
                                                   pow (?pow)
                                                   scp1000_update() (bmp085)
                                                   servo_update_auto() (pcm)
                                                   tan (?tan)
           __dSub::??rA            0000A1B4 
           __DoSub                 0000A1C4        Segment part 1 (?D_AddDouble)

    -------------------------------------------------------------------------
  LIBRARY MODULE, NAME : ?D_AddDouble

  SEGMENTS IN THE MODULE
  ======================
CODE
  Relative segment, address: 0000A3AC - 0000A4EF (0x144 bytes), align: 2
  Segment part 1.
           ENTRY                   ADDRESS         REF BY
           =====                   =======         ======
           __aeabi_dadd            0000A3AC 
           __dAdd                  0000A3AC        ECEF2Tangent(double *) (gps)
                                                   Target_Queue::pop_target(double *) (target)
                                                   Trajectory::brake_down_step() (trajectory)
                                                   Trajectory::circle_step(double, int, double, double) (trajectory)
                                                   Trajectory::climbing_step() (trajectory)
                                                   Trajectory::distance_calculate(int) (trajectory)
                                                   Trajectory::hover_step() (trajectory)
                                                   Trajectory::speed_down_step() (trajectory)
                                                   Trajectory::speed_up_step() (trajectory)
                                                   Trajectory::turning_head_step() (trajectory)
                                                   _Atan (?xatan)
                                                   _Exp (?xexp)
                                                   _Log (?xlog)
                                                   _Sin (?xsin)
                                                   _Stod (?xstod)
                                                   __dAdd::??rT (?xstod)
                                                   accel_filter(double *, double const *, unsigned int) (imu)
                                                   acos (?acos)
                                                   asin (?asin)
                                                   avcs(int *) (avcs)
                                                   compass_heading(double *, double *) (mat)
                                                   euler2quat(double *, double const *) (mat)
                                                   gpgga_update() (gps)
                                                   gps2xyz(double *) (gps)
                                                   gps_date_init() (gps)
                                                   gps_update() (gps)
                                                   imu_update() (imu)
                                                   llh2ECEF(double *) (gps)
                                                   norm(double *) (mat)
                                                   pow (?pow)
                                                   servo_update_auto() (pcm)
                                                   sqrt (?sqrt)
                                                   state_init() (Filter)
                                                   tan (?tan)
           __dAdd::??rA            0000A3AC 
           __DoAdd                 0000A3BC        Segment part 1 (?D_SubDouble)

    -------------------------------------------------------------------------
  LIBRARY MODULE, NAME : ?F_LONG2FLOAT

  SEGMENTS IN THE MODULE
  ======================
CODE
  Relative segment, address: 0000A4F0 - 0000A557 (0x68 bytes), align: 2
  Segment part 1.
           ENTRY                   ADDRESS         REF BY
           =====                   =======         ======
           __aeabi_i2f             0000A4F0 
           __longToFloat           0000A4F0        __longToFloat::??rT (gps)
                                                   gpgga_update() (gps)
           __longToFloat::??rA     0000A4F0 
           __longToFloatStart      0000A504 

    -------------------------------------------------------------------------
  LIBRARY MODULE, NAME : ?F_MulFloat

  SEGMENTS IN THE MODULE
  ======================
CODE
  Relative segment, address: 0000A558 - 0000A6E7 (0x190 bytes), align: 2
  Segment part 1.
           ENTRY                   ADDRESS         REF BY
           =====                   =======         ======
           __fMul                  0000A558        __fMul::??rT (gps)
                                                   gpgga_update() (gps)
           __fMul::??rA            0000A558 
           __aeabi_fmul            0000A558 

    -------------------------------------------------------------------------
  LIBRARY MODULE, NAME : ?floatSoftLib

  SEGMENTS IN THE MODULE
  ======================
CODE
  Relative segment, address: 0000A6E8 - 0000A827 (0x140 bytes), align: 2
  Segment part 1.
           ENTRY                   ADDRESS         REF BY
           =====                   =======         ======
           __aeabi_fsub            0000A6E8 
           __fSub                  0000A6E8 
           __fSub::??rA            0000A6E8 
           __fDoSub                0000A6F4        Segment part 1 (?F_AddDouble)

    -------------------------------------------------------------------------
  LIBRARY MODULE, NAME : ?F_AddDouble

  SEGMENTS IN THE MODULE
  ======================
CODE
  Relative segment, address: 0000A828 - 0000A8F7 (0xd0 bytes), align: 2
  Segment part 1.
           ENTRY                   ADDRESS         REF BY
           =====                   =======         ======
           __aeabi_fadd            0000A828 
           __fAdd                  0000A828        __fAdd::??rT (gps)
                                                   gpgga_update() (gps)
           __fAdd::??rA            0000A828 
           __fDoAdd                0000A834        Segment part 1 (?floatSoftLib)




                ****************************************
                *                                      *
                *      SEGMENTS IN ADDRESS ORDER       *
                *                                      *
                ****************************************


SEGMENT              SPACE    START ADDRESS   END ADDRESS     SIZE  TYPE  ALIGN
=======              =====    =============   ===========     ====  ====  =====
ICODE                              00000000 - 0000014F         150   rel    2
CODE                               00000150 - 0000A8F7        A7A8   rel    2
INITTAB                            0000A8F8 - 0000A90F          18   rel    2
DATA_ID                            0000A910 - 0000AFB5         6A6   rel    2
DATA_C                             0000AFB8 - 0000B187         1D0   rel    2
DATA_I                             00200000 - 002006A5         6A6   rel    2
DATA_Z                             002006A8 - 0020171B        1074   rel    2
INTRAMEND_REMAP                         00208000                     rel    2

                ****************************************
                *                                      *
                *        END OF CROSS REFERENCE        *
                *                                      *
                ****************************************

 43 256 bytes of CODE  memory
  5 914 bytes of DATA  memory
  2 190 bytes of CONST memory

Errors: none
Warnings: none

