##############################################################################
#                                                                            #
# IAR ARM ANSI C/C++ Compiler V4.31A/W32 EVALUATION    13/Mar/2008  16:16:17 #
# Copyright 1999-2005 IAR Systems. All rights reserved.                      #
#                                                                            #
#    Cpu mode        =  interwork                                            #
#    Endian          =  little                                               #
#    Stack alignment =  4                                                    #
#    Source file     =  F:\airplane\arm\atmel\AT91SAM7SE512_IAR\AT91SAM7SE51 #
#                       2-USART_USB-IAR4_31A-1_00\kalman\imu-filter.c        #
#    Command line    =  F:\airplane\arm\atmel\AT91SAM7SE512_IAR\AT91SAM7SE51 #
#                       2-USART_USB-IAR4_31A-1_00\kalman\imu-filter.c -lC    #
#                       F:\airplane\arm\atmel\AT91SAM7SE512_IAR\AT91SAM7SE51 #
#                       2-USART_USB-IAR4_31A-1_00\AT91SAM7SE-USART_USB\Compi #
#                       l\RAM_Debug\List\ --remarks -o                       #
#                       F:\airplane\arm\atmel\AT91SAM7SE512_IAR\AT91SAM7SE51 #
#                       2-USART_USB-IAR4_31A-1_00\AT91SAM7SE-USART_USB\Compi #
#                       l\RAM_Debug\Obj\ -z9 --debug --cpu_mode thumb        #
#                       --endian little --cpu ARM7TDMI --stack_align 4       #
#                       --interwork -e --fpu None --dlib_config "C:\Program  #
#                       Files\IAR Systems\Embedded Workbench 4.0             #
#                       Evaluation\ARM\LIB\dl4tptinl8f.h" -I                 #
#                       F:\airplane\arm\atmel\AT91SAM7SE512_IAR\AT91SAM7SE51 #
#                       2-USART_USB-IAR4_31A-1_00\AT91SAM7SE-USART_USB\Compi #
#                       l\srcIAR\ -I F:\airplane\arm\atmel\AT91SAM7SE512_IAR #
#                       \AT91SAM7SE512-USART_USB-IAR4_31A-1_00\AT91SAM7SE-US #
#                       ART_USB\Compil\..\src\ -I                            #
#                       F:\airplane\arm\atmel\AT91SAM7SE512_IAR\AT91SAM7SE51 #
#                       2-USART_USB-IAR4_31A-1_00\AT91SAM7SE-USART_USB\Compi #
#                       l\..\..\ -I F:\airplane\arm\atmel\AT91SAM7SE512_IAR\ #
#                       AT91SAM7SE512-USART_USB-IAR4_31A-1_00\AT91SAM7SE-USA #
#                       RT_USB\Compil\..\..\kalman\ -I                       #
#                       F:\airplane\arm\atmel\AT91SAM7SE512_IAR\AT91SAM7SE51 #
#                       2-USART_USB-IAR4_31A-1_00\AT91SAM7SE-USART_USB\Compi #
#                       l\..\..\pcm\ -I F:\airplane\arm\atmel\AT91SAM7SE512_ #
#                       IAR\AT91SAM7SE512-USART_USB-IAR4_31A-1_00\AT91SAM7SE #
#                       -USART_USB\Compil\..\..\spi\ -I                      #
#                       F:\airplane\arm\atmel\AT91SAM7SE512_IAR\AT91SAM7SE51 #
#                       2-USART_USB-IAR4_31A-1_00\AT91SAM7SE-USART_USB\Compi #
#                       l\..\..\timer\ -I "C:\Program Files\IAR              #
#                       Systems\Embedded Workbench 4.0 Evaluation\ARM\INC\"  #
#    List file       =  F:\airplane\arm\atmel\AT91SAM7SE512_IAR\AT91SAM7SE51 #
#                       2-USART_USB-IAR4_31A-1_00\AT91SAM7SE-USART_USB\Compi #
#                       l\RAM_Debug\List\imu-filter.lst                      #
#    Object file     =  F:\airplane\arm\atmel\AT91SAM7SE512_IAR\AT91SAM7SE51 #
#                       2-USART_USB-IAR4_31A-1_00\AT91SAM7SE-USART_USB\Compi #
#                       l\RAM_Debug\Obj\imu-filter.r79                       #
#                                                                            #
#                                                                            #
##############################################################################

F:\airplane\arm\atmel\AT91SAM7SE512_IAR\AT91SAM7SE512-USART_USB-IAR4_31A-1_00\kalman\imu-filter.c
      1          #include<includs.h>

  extern  char buff_rx[54];
  ^
"F:\airplane\arm\atmel\AT91SAM7SE512_IAR\AT91SAM7SE512-USART_USB-IAR4_31A-1_00\include\interrupt_usart.h",10  Error[Pe130]: 
          expected a "{"
      2          
      3          void kalman_task(void)
      4          {
                 ^
Warning[Pe012]: parsing restarts here after previous syntax error
      5           // while(receiveimusignal==0)
      6              ;
      7            //  if(interface_step())ahrs_init();
      8            //while(1)
      9           // {
     10            // if(receiveimusignal==1)
     11             // AT91F_US_Put("o\r\n");
     12            //   if(interface_step())
     13              //  {
     14                  imu_update( accel,pqr );
                         ^
Warning[Pe223]: function "imu_update" declared implicitly

          imu_update( accel,pqr );
                      ^
"F:\airplane\arm\atmel\AT91SAM7SE512_IAR\AT91SAM7SE512-USART_USB-IAR4_31A-1_00\kalman\imu-filter.c",14  Error[Pe020]: 
          identifier "accel" is undefined

          imu_update( accel,pqr );
                            ^
"F:\airplane\arm\atmel\AT91SAM7SE512_IAR\AT91SAM7SE512-USART_USB-IAR4_31A-1_00\kalman\imu-filter.c",14  Error[Pe020]: 
          identifier "pqr" is undefined
     15              //   AT91F_US_Put("v\r\n");
     16               //   receiveimusignal=0;
     17               //   AT91F_US_EnableIt(AT91C_BASE_US0,AT91C_US_RXBUFF  );
     18              //  }
     19            //}
     20          }
     21          

Errors: 3
Warnings: 2
