Warning[w6]: Type conflict for external/entry "put_uint16_t", in module imu against external/entry in module usart; prototyped function vs K&R function
  /* In module imu: */
  /* K&R Function, args 0, attr 0 */
  int (__atpcs __interwork put_uint16_t)();
  /* In module usart: */
  /* Function, args 1, attr 0 */
  void (__atpcs __interwork put_uint16_t)(unsigned short);
################################################################################
#                                                                              #
#      IAR Universal Linker V4.59W/386                                         #
#                                                                              #
#           Link time     =  01/Mar/2008  10:19:36                             #
#           Target CPU    =  ARM                                               #
#           List file     =  F:\airplane\arm\atmel\AT91SAM7SE512_IAR\AT91SAM7S #
#                            E512-USART_USB-IAR4_31A-1_00\AT91SAM7SE-USART_USB #
#                            \Compil\Binary\List\BasicUSART_USB.map            #
#           Output file 1 =  F:\airplane\arm\atmel\AT91SAM7SE512_IAR\AT91SAM7S #
#                            E512-USART_USB-IAR4_31A-1_00\AT91SAM7SE-USART_USB #
#                            \Compil\Binary\Exe\BasicUSART_USB.bin             #
#                            Format: raw-binary                                #
#           Output file 2 =  F:\airplane\arm\atmel\AT91SAM7SE512_IAR\AT91SAM7S #
#                            E512-USART_USB-IAR4_31A-1_00\AT91SAM7SE-USART_USB #
#                            \Compil\Binary\Exe\BasicUSART_USB.srec            #
#                            Format: motorola-s37                              #
#           Command line  =  F:\airplane\arm\atmel\AT91SAM7SE512_IAR\AT91SAM7S #
#                            E512-USART_USB-IAR4_31A-1_00\AT91SAM7SE-USART_USB #
#                            \Compil\Binary\Obj\AHRS.r79                       #
#                            F:\airplane\arm\atmel\AT91SAM7SE512_IAR\AT91SAM7S #
#                            E512-USART_USB-IAR4_31A-1_00\AT91SAM7SE-USART_USB #
#                            \Compil\Binary\Obj\Cstartup.r79                   #
#                            F:\airplane\arm\atmel\AT91SAM7SE512_IAR\AT91SAM7S #
#                            E512-USART_USB-IAR4_31A-1_00\AT91SAM7SE-USART_USB #
#                            \Compil\Binary\Obj\Cstartup_SAM7.r79              #
#                            F:\airplane\arm\atmel\AT91SAM7SE512_IAR\AT91SAM7S #
#                            E512-USART_USB-IAR4_31A-1_00\AT91SAM7SE-USART_USB #
#                            \Compil\Binary\Obj\imu-filter.r79                 #
#                            F:\airplane\arm\atmel\AT91SAM7SE512_IAR\AT91SAM7S #
#                            E512-USART_USB-IAR4_31A-1_00\AT91SAM7SE-USART_USB #
#                            \Compil\Binary\Obj\imu.r79                        #
#                            F:\airplane\arm\atmel\AT91SAM7SE512_IAR\AT91SAM7S #
#                            E512-USART_USB-IAR4_31A-1_00\AT91SAM7SE-USART_USB #
#                            \Compil\Binary\Obj\interrupt_Usart.r79            #
#                            F:\airplane\arm\atmel\AT91SAM7SE512_IAR\AT91SAM7S #
#                            E512-USART_USB-IAR4_31A-1_00\AT91SAM7SE-USART_USB #
#                            \Compil\Binary\Obj\main.r79                       #
#                            F:\airplane\arm\atmel\AT91SAM7SE512_IAR\AT91SAM7S #
#                            E512-USART_USB-IAR4_31A-1_00\AT91SAM7SE-USART_USB #
#                            \Compil\Binary\Obj\mat.r79                        #
#                            F:\airplane\arm\atmel\AT91SAM7SE512_IAR\AT91SAM7S #
#                            E512-USART_USB-IAR4_31A-1_00\AT91SAM7SE-USART_USB #
#                            \Compil\Binary\Obj\pcm.r79                        #
#                            F:\airplane\arm\atmel\AT91SAM7SE512_IAR\AT91SAM7S #
#                            E512-USART_USB-IAR4_31A-1_00\AT91SAM7SE-USART_USB #
#                            \Compil\Binary\Obj\spi.r79                        #
#                            F:\airplane\arm\atmel\AT91SAM7SE512_IAR\AT91SAM7S #
#                            E512-USART_USB-IAR4_31A-1_00\AT91SAM7SE-USART_USB #
#                            \Compil\Binary\Obj\usart.r79                      #
#                            -o                                                #
#                            F:\airplane\arm\atmel\AT91SAM7SE512_IAR\AT91SAM7S #
#                            E512-USART_USB-IAR4_31A-1_00\AT91SAM7SE-USART_USB #
#                            \Compil\Binary\Exe\BasicUSART_USB.bin             #
#                            -Fraw-binary -l                                   #
#                            F:\airplane\arm\atmel\AT91SAM7SE512_IAR\AT91SAM7S #
#                            E512-USART_USB-IAR4_31A-1_00\AT91SAM7SE-USART_USB #
#                            \Compil\Binary\List\BasicUSART_USB.map            #
#                            -xms                                              #
#                            "-IC:\Program Files\IAR Systems\Embedded Workbenc #
#                            h 4.0 Evaluation\ARM\LIB\"                        #
#                            -f                                                #
#                            F:\airplane\arm\atmel\AT91SAM7SE512_IAR\AT91SAM7S #
#                            E512-USART_USB-IAR4_31A-1_00\AT91SAM7SE-USART_USB #
#                            \Compil\resource\at91SAM7SE512_FLASH.xcl          #
#                            (-carm -Z(CONST)INTRAMSTART_REMAP=00200000        #
#                            -Z(CONST)INTRAMEND_REMAP=00207FFF                 #
#                            -DROMSTART=00000000 -DROMEND=0007FFFF             #
#                            -DRAMSTART=00200000 -DRAMEND=00207FFF             #
#                            -Z(CODE)INTVEC=00-3F                              #
#                            -Z(CODE)ICODE,DIFUNCT=ROMSTART-ROMEND             #
#                            -Z(CODE)SWITAB=ROMSTART-ROMEND                    #
#                            -Z(CODE)CODE=ROMSTART-ROMEND                      #
#                            -Z(CONST)INITTAB,DATA_ID,DATA_C=ROMSTART-ROMEND   #
#                            -Z(CONST)CHECKSUM=ROMSTART-ROMEND                 #
#                            -Z(DATA)DATA_I,DATA_Z,DATA_N=RAMSTART-RAMEND      #
#                            -Z(DATA)CODE_I=RAMSTART-RAMEND                    #
#                            -Z(CONST)CODE_ID=ROMSTART-ROMEND                  #
#                            -QCODE_I=CODE_ID -D_CSTACK_SIZE=(100*4)           #
#                            -D_IRQ_STACK_SIZE=(3*8*4) -D_HEAP_SIZE=0          #
#                            -Z(DATA)CSTACK+_CSTACK_SIZE=RAMSTART-RAMEND       #
#                            -Z(DATA)IRQ_STACK+_IRQ_STACK_SIZE=RAMSTART-RAMEND #
#                            -Z(DATA)HEAP+_HEAP_SIZE=RAMSTART-RAMEND)          #
#                            -e_PrintfTiny=_Printf -e_ScanfSmall=_Scanf        #
#                            "C:\Program Files\IAR Systems\Embedded Workbench  #
#                            4.0 Evaluation\ARM\LIB\dl4tptinl8n.r79"           #
#                            -Omotorola-s37=F:\airplane\arm\atmel\AT91SAM7SE51 #
#                            2_IAR\AT91SAM7SE512-USART_USB-IAR4_31A-1_00\AT91S #
#                            AM7SE-USART_USB\Compil\Binary\Exe\BasicUSART_USB. #
#                            srec                                              #
#                                                                              #
#                        Copyright 1987-2006 IAR Systems. All rights reserved. #
################################################################################





                ****************************************
                *                                      *
                *           CROSS REFERENCE            *
                *                                      *
                ****************************************

                  There are no program entries.




                ****************************************
                *                                      *
                *            RUNTIME MODEL             *
                *                                      *
                ****************************************

  ARMv4M                 = USED
  ARMv4T                 = USED
  StackAlign4            = USED
  StackAlign8            = USED
  __cpu_mode             = __pcs__interwork
  __data_model           = absolute
  __dlib_file_descriptor = 0
  __endian               = little
  __rt_version           = 6
  __thumb_aware          = enabled



                ****************************************
                *                                      *
                *              MODULE MAP              *
                *                                      *
                ****************************************


  DEFINED ABSOLUTE ENTRIES
    *************************************************************************

  DEFINED ABSOLUTE ENTRIES
  PROGRAM MODULE, NAME : ?ABS_ENTRY_MOD

Absolute parts
           ENTRY                   ADDRESS         REF BY
           =====                   =======         ======
           _HEAP_SIZE              00000000 
           _IRQ_STACK_SIZE         00000060 
           _CSTACK_SIZE            00000400 
           RAMEND                  00207FFF 
           RAMSTART                00200000 
           ROMEND                  0007FFFF 
           ROMSTART                00000000 
    *************************************************************************

  FILE NAME : F:\airplane\arm\atmel\AT91SAM7SE512_IAR\AT91SAM7SE512-USART_USB-IAR4_31A-1_00\AT91SAM7SE-USART_USB\Compil\Binary\Obj\AHRS.r79
  PROGRAM MODULE, NAME : AHRS

  SEGMENTS IN THE MODULE
  ======================
INITTAB
  Relative segment, address: 000006D4 - 000006DF (0xc bytes), align: 2
  Segment part 51. ROOT.
           ENTRY                   ADDRESS         REF BY
           =====                   =======         ======
           ?init?tab?DATA_I        000006D4 
    -------------------------------------------------------------------------
INITTAB
  Relative segment, address: 000006E0 - 000006EB (0xc bytes), align: 2
  Segment part 52. ROOT.
           ENTRY                   ADDRESS         REF BY
           =====                   =======         ======
           ?init?tab?DATA_Z        000006E0 

    *************************************************************************

  FILE NAME : F:\airplane\arm\atmel\AT91SAM7SE512_IAR\AT91SAM7SE512-USART_USB-IAR4_31A-1_00\AT91SAM7SE-USART_USB\Compil\Binary\Obj\Cstartup.r79
  PROGRAM MODULE, NAME : ?RESET

  SEGMENTS IN THE MODULE
  ======================
INTRAMEND_REMAP
  Relative segment, address: 00208000, align: 2
  Segment part 0. ROOT.
    -------------------------------------------------------------------------
ICODE
  Relative segment, address: 00000000 - 000000FB (0xfc bytes), align: 2
  Segment part 1. ROOT.
           ENTRY                   ADDRESS         REF BY
           =====                   =======         ======
           __main                  000000D0 
           AT91F_Default_FIQ_handler
                                   000000D8        AT91F_LowLevelInit (Cstartup_SAM7)
           AT91F_Default_IRQ_handler
                                   000000DC        AT91F_LowLevelInit (Cstartup_SAM7)
           AT91F_Spurious_handler
                                   000000E0        AT91F_LowLevelInit (Cstartup_SAM7)
           LOCAL                   ADDRESS         
           =====                   =======         
           reset                   00000000 
           InitReset               0000008C 
           undefvec                00000004 
           swivec                  00000008 
           pabtvec                 0000000C 
           dabtvec                 00000010 
           rsvdvec                 00000014 
           irqvec                  00000018 
           IRQ_Handler_Entry       00000044 
           fiqvec                  0000001C 
           FIQ_Handler_Entry       0000001C 
           ?jump_to_main           000000C8 
           ?call_exit              000000D4 
           End                     000000D4 
           _?0                     000000E4 
           _?1                     000000E8 
           _?2                     000000EC 
           _?3                     000000F0 
           _?4                     000000F4 
           _?5                     000000F8 

    *************************************************************************

  FILE NAME : F:\airplane\arm\atmel\AT91SAM7SE512_IAR\AT91SAM7SE512-USART_USB-IAR4_31A-1_00\AT91SAM7SE-USART_USB\Compil\Binary\Obj\Cstartup_SAM7.r79
  PROGRAM MODULE, NAME : Cstartup_SAM7

  SEGMENTS IN THE MODULE
  ======================
CODE
  Relative segment, address: 00000150 - 000001FB (0xac bytes), align: 2
  Segment part 3.
           ENTRY                   ADDRESS         REF BY
           =====                   =======         ======
           AT91F_LowLevelInit      00000151        Segment part 1 (?RESET)
               stack 1 = 00000000 ( 00000008 )

    *************************************************************************

  FILE NAME : F:\airplane\arm\atmel\AT91SAM7SE512_IAR\AT91SAM7SE512-USART_USB-IAR4_31A-1_00\AT91SAM7SE-USART_USB\Compil\Binary\Obj\imu-filter.r79
    *************************************************************************

  FILE NAME : F:\airplane\arm\atmel\AT91SAM7SE512_IAR\AT91SAM7SE512-USART_USB-IAR4_31A-1_00\AT91SAM7SE-USART_USB\Compil\Binary\Obj\imu.r79
    *************************************************************************

  FILE NAME : F:\airplane\arm\atmel\AT91SAM7SE512_IAR\AT91SAM7SE512-USART_USB-IAR4_31A-1_00\AT91SAM7SE-USART_USB\Compil\Binary\Obj\interrupt_Usart.r79
  PROGRAM MODULE, NAME : interrupt_Usart

  SEGMENTS IN THE MODULE
  ======================
CODE
  Relative segment, address: 000001FC - 00000227 (0x2c bytes), align: 2
  Segment part 4.             Intra module refs:   AT91F_DBGU_Init
                                                   Usart1_init
                                                   Usart_init
           ENTRY                   ADDRESS         REF BY
           =====                   =======         ======
           AT91F_AIC_ConfigureIt   000001FD 
               stack 1 = 00000000 ( 00000014 )
    -------------------------------------------------------------------------
CODE
  Relative segment, address: 00000228 - 0000024B (0x24 bytes), align: 2
  Segment part 5.             Intra module refs:   AT91F_DBGU_Init
                                                   AT91F_US_Configure
                                                   Usart1_init
                                                   Usart_init
           ENTRY                   ADDRESS         REF BY
           =====                   =======         ======
           AT91F_PDC_Open          00000229 
    -------------------------------------------------------------------------
CODE
  Relative segment, address: 0000024C - 000002A1 (0x56 bytes), align: 2
  Segment part 6.             Intra module refs:   AT91F_DBGU_Init
                                                   Usart1_init
                                                   Usart_init
           ENTRY                   ADDRESS         REF BY
           =====                   =======         ======
           AT91F_US_Configure      0000024D 
               stack 1 = 00000000 ( 0000000C )
    -------------------------------------------------------------------------
DATA_Z
  Relative segment, address: 00200000 - 00200043 (0x44 bytes), align: 2
  Segment part 2.             Intra module refs:   AT91F_US1_Put
                                                   AT91F_US_Put
                                                   Segment part 13
                                                   Segment part 27
           ENTRY                   ADDRESS         REF BY
           =====                   =======         ======
           COM0                    00200004 
           COM1                    00200008 
           buff_rx                 0020000C 
           receiveimusignal        00200000 
    -------------------------------------------------------------------------
DATA_Z
  Relative segment, address: 00200044 - 002000A7 (0x64 bytes), align: 2
  Segment part 3.             Intra module refs:   AT91F_DBGU_Init
           ENTRY                   ADDRESS         REF BY
           =====                   =======         ======
           buff_rx1                00200044 
    -------------------------------------------------------------------------
CODE
  Relative segment, address: 000002A4 - 000002C7 (0x24 bytes), align: 2
  Segment part 8.             Intra module refs:   Debug_irq_handler
                                                   Usart_c_irq_handler
           ENTRY                   ADDRESS         REF BY
           =====                   =======         ======
           Trace_Toggel_LED        000002A5 
               stack 1 = 00000000 ( 00000004 )
    -------------------------------------------------------------------------
CODE
  Relative segment, address: 000002C8 - 00000303 (0x3c bytes), align: 2
  Segment part 10.            Intra module refs:   Usart_init
           ENTRY                   ADDRESS         REF BY
           =====                   =======         ======
           Usart_c_irq_handler     000002C9 
               stack 1 = 00000000 ( 00000010 )
    -------------------------------------------------------------------------
CODE
  Relative segment, address: 00000304 - 00000335 (0x32 bytes), align: 2
  Segment part 12.            Intra module refs:   ?Subroutine10
           ENTRY                   ADDRESS         REF BY
           =====                   =======         ======
           Usart1_c_irq_handler    00000305 
               stack 1 = 00000000 ( 00000008 )
    -------------------------------------------------------------------------
CODE
  Relative segment, address: 00000338 - 0000033B (0x4 bytes), align: 2
  Segment part 13.            Intra module refs:   Usart1_c_irq_handler
                                                   Usart_c_irq_handler
    -------------------------------------------------------------------------
CODE
  Relative segment, address: 0000033C - 0000035B (0x20 bytes), align: 2
  Segment part 15.            Intra module refs:   Debug_irq_handler
           ENTRY                   ADDRESS         REF BY
           =====                   =======         ======
           AT91F_US_Put            0000033D        main (main)
               stack 1 = 00000000 ( 00000004 )
    -------------------------------------------------------------------------
CODE
  Relative segment, address: 0000035C - 0000037B (0x20 bytes), align: 2
  Segment part 17.
           ENTRY                   ADDRESS         REF BY
           =====                   =======         ======
           AT91F_US1_Put           0000035D        main (main)
               stack 1 = 00000000 ( 00000004 )
    -------------------------------------------------------------------------
CODE
  Relative segment, address: 0000037C - 0000039B (0x20 bytes), align: 2
  Segment part 19.
           ENTRY                   ADDRESS         REF BY
           =====                   =======         ======
           AT91F_DBGU_Put          0000037D        main (main)
               stack 1 = 00000000 ( 00000004 )
    -------------------------------------------------------------------------
CODE
  Relative segment, address: 0000039C - 0000040B (0x70 bytes), align: 2
  Segment part 21.
           ENTRY                   ADDRESS         REF BY
           =====                   =======         ======
           Usart_init              0000039D        main (main)
               stack 1 = 00000000 ( 00000014 )
    -------------------------------------------------------------------------
CODE
  Relative segment, address: 0000040C - 00000473 (0x68 bytes), align: 2
  Segment part 23.
           ENTRY                   ADDRESS         REF BY
           =====                   =======         ======
           Usart1_init             0000040D        main (main)
               stack 1 = 00000000 ( 00000014 )
    -------------------------------------------------------------------------
CODE
  Relative segment, address: 00000474 - 00000487 (0x14 bytes), align: 2
  Segment part 24.            Intra module refs:   AT91F_DBGU_Init
                                                   Usart1_init
                                                   Usart_init
           LOCAL                   ADDRESS         
           =====                   =======         
           ?Subroutine10           00000475 
    -------------------------------------------------------------------------
CODE
  Relative segment, address: 00000488 - 000004C3 (0x3c bytes), align: 2
  Segment part 26.            Intra module refs:   AT91F_DBGU_Init
           ENTRY                   ADDRESS         REF BY
           =====                   =======         ======
           Debug_irq_handler       00000489 
               stack 1 = 00000000 ( 0000000C )
    -------------------------------------------------------------------------
CODE
  Relative segment, address: 000004C4 - 000004C7 (0x4 bytes), align: 2
  Segment part 27.            Intra module refs:   Debug_irq_handler
                                                   Usart1_init
                                                   Usart_init
    -------------------------------------------------------------------------
CODE
  Relative segment, address: 000004C8 - 00000543 (0x7c bytes), align: 2
  Segment part 29.
           ENTRY                   ADDRESS         REF BY
           =====                   =======         ======
           AT91F_DBGU_Init         000004C9        main (main)
               stack 1 = 00000000 ( 00000014 )
    -------------------------------------------------------------------------
CODE
  Relative segment, address: 00000544 - 00000547 (0x4 bytes), align: 2
  Segment part 30.            Intra module refs:   AT91F_DBGU_Init
                                                   Usart1_init
                                                   Usart_init
    -------------------------------------------------------------------------
CODE
  Relative segment, address: 00000548 - 0000054B (0x4 bytes), align: 2
  Segment part 31.            Intra module refs:   AT91F_DBGU_Init
                                                   Usart1_init
                                                   Usart_init
    -------------------------------------------------------------------------
CODE
  Relative segment, address: 0000054C - 0000054F (0x4 bytes), align: 2
  Segment part 32.            Intra module refs:   AT91F_DBGU_Init
                                                   Usart1_init
                                                   Usart_init
    -------------------------------------------------------------------------
CODE
  Relative segment, address: 00000550 - 00000553 (0x4 bytes), align: 2
  Segment part 33.            Intra module refs:   AT91F_DBGU_Init
                                                   Usart1_init
                                                   Usart_init
    -------------------------------------------------------------------------
CODE
  Relative segment, address: 00000554 - 00000557 (0x4 bytes), align: 2
  Segment part 34.            Intra module refs:   AT91F_DBGU_Init
                                                   Usart1_init
                                                   Usart_init
    -------------------------------------------------------------------------
CODE
  Relative segment, address: 00000558 - 0000055B (0x4 bytes), align: 2
  Segment part 35.            Intra module refs:   AT91F_DBGU_Init
                                                   Usart1_init
                                                   Usart_init
    -------------------------------------------------------------------------
CODE
  Relative segment, address: 0000055C - 0000055F (0x4 bytes), align: 2
  Segment part 36.            Intra module refs:   AT91F_DBGU_Init
                                                   Usart1_init
                                                   Usart_init

    *************************************************************************

  FILE NAME : F:\airplane\arm\atmel\AT91SAM7SE512_IAR\AT91SAM7SE512-USART_USB-IAR4_31A-1_00\AT91SAM7SE-USART_USB\Compil\Binary\Obj\main.r79
  PROGRAM MODULE, NAME : main

  SEGMENTS IN THE MODULE
  ======================
CODE
  Relative segment, address: 00000560 - 0000059B (0x3c bytes), align: 2
  Segment part 5.
           ENTRY                   ADDRESS         REF BY
           =====                   =======         ======
           main                    00000561        Segment part 1 (?RESET)
               stack 1 = 00000000 ( 00000008 )
    -------------------------------------------------------------------------
DATA_C
  Relative segment, address: 000006EC - 000006F7 (0xc bytes), align: 2
  Segment part 2.             Intra module refs:   main

    *************************************************************************

  FILE NAME : F:\airplane\arm\atmel\AT91SAM7SE512_IAR\AT91SAM7SE512-USART_USB-IAR4_31A-1_00\AT91SAM7SE-USART_USB\Compil\Binary\Obj\mat.r79
    *************************************************************************

  FILE NAME : F:\airplane\arm\atmel\AT91SAM7SE512_IAR\AT91SAM7SE512-USART_USB-IAR4_31A-1_00\AT91SAM7SE-USART_USB\Compil\Binary\Obj\pcm.r79
  PROGRAM MODULE, NAME : pcm

  SEGMENTS IN THE MODULE
  ======================
CODE
  Relative segment, address: 0000059C - 000005EB (0x50 bytes), align: 2
  Segment part 3.
           ENTRY                   ADDRESS         REF BY
           =====                   =======         ======
           init_translator         0000059D        main (main)

    *************************************************************************

  FILE NAME : F:\airplane\arm\atmel\AT91SAM7SE512_IAR\AT91SAM7SE512-USART_USB-IAR4_31A-1_00\AT91SAM7SE-USART_USB\Compil\Binary\Obj\spi.r79
    *************************************************************************

  FILE NAME : F:\airplane\arm\atmel\AT91SAM7SE512_IAR\AT91SAM7SE512-USART_USB-IAR4_31A-1_00\AT91SAM7SE-USART_USB\Compil\Binary\Obj\usart.r79
    *************************************************************************

  FILE NAME : C:\Program Files\IAR Systems\Embedded Workbench 4.0 Evaluation\ARM\LIB\dl4tptinl8n.r79
  LIBRARY MODULE, NAME : ?segment_init

  SEGMENTS IN THE MODULE
  ======================
ICODE
  Relative segment, address: 000000FC - 0000014F (0x54 bytes), align: 2
  Segment part 2.
           ENTRY                   ADDRESS         REF BY
           =====                   =======         ======
           __segment_init          000000FD        Segment part 1 (?RESET)
               stack 1 = 00000000 ( 00000014 )

    -------------------------------------------------------------------------
  LIBRARY MODULE, NAME : ?div_module

  SEGMENTS IN THE MODULE
  ======================
CODE
  Relative segment, address: 000005EC - 000005EF (0x4 bytes), align: 2
  Segment part 4.
           ENTRY                   ADDRESS         REF BY
           =====                   =======         ======
           ??divu32_t              000005ED        AT91F_US_Configure (interrupt_Usart)
    -------------------------------------------------------------------------
CODE
  Relative segment, address: 000005F0 - 000005FB (0xc bytes), align: 2
  Segment part 5.             Intra module refs:   ??divu32_t
           ENTRY                   ADDRESS         REF BY
           =====                   =======         ======
           ??divu32_a              000005F0 
    -------------------------------------------------------------------------
CODE
  Relative segment, address: 000005FC - 000006D3 (0xd8 bytes), align: 2
  Segment part 12.            Intra module refs:   ??divu32_a




                ****************************************
                *                                      *
                *      SEGMENTS IN ADDRESS ORDER       *
                *                                      *
                ****************************************


SEGMENT              SPACE    START ADDRESS   END ADDRESS     SIZE  TYPE  ALIGN
=======              =====    =============   ===========     ====  ====  =====
ICODE                              00000000 - 0000014F         150   rel    2
CODE                               00000150 - 000006D3         584   rel    2
INITTAB                            000006D4 - 000006EB          18   rel    2
DATA_ID                                 000006EC                     dse    0
DATA_C                             000006EC - 000006F7           C   rel    2
DATA_I                                  00200000                     dse    0
DATA_Z                             00200000 - 002000A7          A8   rel    2
INTRAMEND_REMAP                         00208000                     rel    2

                ****************************************
                *                                      *
                *        END OF CROSS REFERENCE        *
                *                                      *
                ****************************************

 1 748 bytes of CODE  memory
   168 bytes of DATA  memory
    36 bytes of CONST memory

Errors: none
Warnings: 1

